Archive member included to satisfy reference by file (symbol)

c:/programdata/matlab/supportpackages/r2023b/3p.instrset/gnuarm-armcortex.instrset/win/bin/../lib/gcc/arm-none-eabi/11.3.1/thumb/v7e-m+fp/hard\libgcc.a(_arm_addsubdf3.o)
                              untitled.o (__aeabi_dsub)
c:/programdata/matlab/supportpackages/r2023b/3p.instrset/gnuarm-armcortex.instrset/win/bin/../lib/gcc/arm-none-eabi/11.3.1/thumb/v7e-m+fp/hard\libgcc.a(_arm_cmpdf2.o)
                              untitled.o (__aeabi_dcmpeq)
c:/programdata/matlab/supportpackages/r2023b/3p.instrset/gnuarm-armcortex.instrset/win/bin/../lib/gcc/arm-none-eabi/11.3.1/thumb/v7e-m+fp/hard\libgcc.a(_aeabi_uldivmod.o)
                              stm32f4xx_hal_rcc.o (__aeabi_uldivmod)
c:/programdata/matlab/supportpackages/r2023b/3p.instrset/gnuarm-armcortex.instrset/win/bin/../lib/gcc/arm-none-eabi/11.3.1/thumb/v7e-m+fp/hard\libgcc.a(_udivmoddi4.o)
                              c:/programdata/matlab/supportpackages/r2023b/3p.instrset/gnuarm-armcortex.instrset/win/bin/../lib/gcc/arm-none-eabi/11.3.1/thumb/v7e-m+fp/hard\libgcc.a(_aeabi_uldivmod.o) (__udivmoddi4)
c:/programdata/matlab/supportpackages/r2023b/3p.instrset/gnuarm-armcortex.instrset/win/bin/../lib/gcc/arm-none-eabi/11.3.1/thumb/v7e-m+fp/hard\libgcc.a(_dvmd_tls.o)
                              c:/programdata/matlab/supportpackages/r2023b/3p.instrset/gnuarm-armcortex.instrset/win/bin/../lib/gcc/arm-none-eabi/11.3.1/thumb/v7e-m+fp/hard\libgcc.a(_aeabi_uldivmod.o) (__aeabi_ldiv0)
c:/programdata/matlab/supportpackages/r2023b/3p.instrset/gnuarm-armcortex.instrset/win/bin/../lib/gcc/arm-none-eabi/11.3.1/thumb/v7e-m+fp/hard\libc_nano.a(libc_a-exit.o)
                              c:/programdata/matlab/supportpackages/r2023b/3p.instrset/gnuarm-armcortex.instrset/win/bin/../lib/gcc/arm-none-eabi/11.3.1/thumb/v7e-m+fp/hard/crt0.o (exit)
c:/programdata/matlab/supportpackages/r2023b/3p.instrset/gnuarm-armcortex.instrset/win/bin/../lib/gcc/arm-none-eabi/11.3.1/thumb/v7e-m+fp/hard\libc_nano.a(libc_a-findfp.o)
                              c:/programdata/matlab/supportpackages/r2023b/3p.instrset/gnuarm-armcortex.instrset/win/bin/../lib/gcc/arm-none-eabi/11.3.1/thumb/v7e-m+fp/hard\libc_nano.a(libc_a-exit.o) (__stdio_exit_handler)
c:/programdata/matlab/supportpackages/r2023b/3p.instrset/gnuarm-armcortex.instrset/win/bin/../lib/gcc/arm-none-eabi/11.3.1/thumb/v7e-m+fp/hard\libc_nano.a(libc_a-fwalk.o)
                              c:/programdata/matlab/supportpackages/r2023b/3p.instrset/gnuarm-armcortex.instrset/win/bin/../lib/gcc/arm-none-eabi/11.3.1/thumb/v7e-m+fp/hard\libc_nano.a(libc_a-findfp.o) (_fwalk_sglue)
c:/programdata/matlab/supportpackages/r2023b/3p.instrset/gnuarm-armcortex.instrset/win/bin/../lib/gcc/arm-none-eabi/11.3.1/thumb/v7e-m+fp/hard\libc_nano.a(libc_a-stdio.o)
                              c:/programdata/matlab/supportpackages/r2023b/3p.instrset/gnuarm-armcortex.instrset/win/bin/../lib/gcc/arm-none-eabi/11.3.1/thumb/v7e-m+fp/hard\libc_nano.a(libc_a-findfp.o) (__sread)
c:/programdata/matlab/supportpackages/r2023b/3p.instrset/gnuarm-armcortex.instrset/win/bin/../lib/gcc/arm-none-eabi/11.3.1/thumb/v7e-m+fp/hard\libc_nano.a(libc_a-memset.o)
                              c:/programdata/matlab/supportpackages/r2023b/3p.instrset/gnuarm-armcortex.instrset/win/bin/../lib/gcc/arm-none-eabi/11.3.1/thumb/v7e-m+fp/hard/crt0.o (memset)
c:/programdata/matlab/supportpackages/r2023b/3p.instrset/gnuarm-armcortex.instrset/win/bin/../lib/gcc/arm-none-eabi/11.3.1/thumb/v7e-m+fp/hard\libc_nano.a(libc_a-closer.o)
                              c:/programdata/matlab/supportpackages/r2023b/3p.instrset/gnuarm-armcortex.instrset/win/bin/../lib/gcc/arm-none-eabi/11.3.1/thumb/v7e-m+fp/hard\libc_nano.a(libc_a-stdio.o) (_close_r)
c:/programdata/matlab/supportpackages/r2023b/3p.instrset/gnuarm-armcortex.instrset/win/bin/../lib/gcc/arm-none-eabi/11.3.1/thumb/v7e-m+fp/hard\libc_nano.a(libc_a-reent.o)
                              c:/programdata/matlab/supportpackages/r2023b/3p.instrset/gnuarm-armcortex.instrset/win/bin/../lib/gcc/arm-none-eabi/11.3.1/thumb/v7e-m+fp/hard\libc_nano.a(libc_a-closer.o) (errno)
c:/programdata/matlab/supportpackages/r2023b/3p.instrset/gnuarm-armcortex.instrset/win/bin/../lib/gcc/arm-none-eabi/11.3.1/thumb/v7e-m+fp/hard\libc_nano.a(libc_a-impure.o)
                              c:/programdata/matlab/supportpackages/r2023b/3p.instrset/gnuarm-armcortex.instrset/win/bin/../lib/gcc/arm-none-eabi/11.3.1/thumb/v7e-m+fp/hard\libc_nano.a(libc_a-reent.o) (_impure_ptr)
c:/programdata/matlab/supportpackages/r2023b/3p.instrset/gnuarm-armcortex.instrset/win/bin/../lib/gcc/arm-none-eabi/11.3.1/thumb/v7e-m+fp/hard\libc_nano.a(libc_a-lseekr.o)
                              c:/programdata/matlab/supportpackages/r2023b/3p.instrset/gnuarm-armcortex.instrset/win/bin/../lib/gcc/arm-none-eabi/11.3.1/thumb/v7e-m+fp/hard\libc_nano.a(libc_a-stdio.o) (_lseek_r)
[...]
Memory Configuration

Name             Origin             Length             Attributes
CCMRAM           0x10000000         0x00010000         xrw
RAM              0x20000000         0x00020000         xrw
FLASH            0x08000000         0x00100000         xr
*default*        0x00000000         0xffffffff

Linker script and memory map

LOAD c:/programdata/matlab/supportpackages/r2023b/3p.instrset/gnuarm-armcortex.instrset/win/bin/../lib/gcc/arm-none-eabi/11.3.1/thumb/v7e-m+fp/hard/crti.o
LOAD c:/programdata/matlab/supportpackages/r2023b/3p.instrset/gnuarm-armcortex.instrset/win/bin/../lib/gcc/arm-none-eabi/11.3.1/thumb/v7e-m+fp/hard/crtbegin.o
LOAD c:/programdata/matlab/supportpackages/r2023b/3p.instrset/gnuarm-armcortex.instrset/win/bin/../lib/gcc/arm-none-eabi/11.3.1/thumb/v7e-m+fp/hard/crt0.o
LOAD ert_main.o
LOAD untitled.o
LOAD untitled_data.o
LOAD overrideHALDelay.o
LOAD platform_timer.o
LOAD mw_freertos_init.o
LOAD mw_thread.o
LOAD mw_timer.o
LOAD mw_semaphore.o
LOAD main.o
LOAD freertos.o
LOAD stm32f4xx_it.o
LOAD stm32f4xx_hal_msp.o
LOAD stm32f4xx_hal_timebase_tim.o
LOAD stm32f4xx_ll_gpio.o
LOAD stm32f4xx_ll_dma.o
LOAD stm32f4xx_ll_rcc.o
LOAD stm32f4xx_ll_utils.o
LOAD stm32f4xx_ll_exti.o
LOAD stm32f4xx_hal_rcc.o
LOAD stm32f4xx_hal_rcc_ex.o
LOAD stm32f4xx_hal_flash.o
LOAD stm32f4xx_hal_flash_ex.o
LOAD stm32f4xx_hal_flash_ramfunc.o
LOAD stm32f4xx_hal_gpio.o
LOAD stm32f4xx_hal_dma_ex.o
LOAD stm32f4xx_hal_dma.o
LOAD stm32f4xx_hal_pwr.o
LOAD stm32f4xx_hal_pwr_ex.o
LOAD stm32f4xx_hal_cortex.o
LOAD stm32f4xx_hal.o
LOAD stm32f4xx_hal_exti.o
LOAD stm32f4xx_ll_i2c.o
LOAD stm32f4xx_ll_spi.o
LOAD stm32f4xx_hal_tim.o
LOAD stm32f4xx_hal_tim_ex.o
LOAD stm32f4xx_ll_usart.o
LOAD croutine.o
LOAD event_groups.o
LOAD list.o
LOAD queue.o
LOAD stream_buffer.o
LOAD tasks.o
LOAD timers.o
LOAD cmsis_os2.o
LOAD heap_4.o
LOAD port.o
LOAD system_stm32f4xx.o
LOAD syscalls.o
LOAD sysmem.o
LOAD startup_stm32f407vgtx.o
LOAD C:/ProgramData/MATLAB/SupportPackages/R2023b/3P.instrset/cmsis_dsp.instrset/Lib/GCC/arm_cortexm4ldfsp_math/libCMSISDSP.a
LOAD C:/ProgramData/MATLAB/SupportPackages/R2023b/toolbox/shared/supportpackages/stm32/lib/GCC/libmw_pdmfilter_m4_spfp.lib
LOAD c:/programdata/matlab/supportpackages/r2023b/3p.instrset/gnuarm-armcortex.instrset/win/bin/../lib/gcc/arm-none-eabi/11.3.1/thumb/v7e-m+fp/hard\libstdc++_nano.a
LOAD c:/programdata/matlab/supportpackages/r2023b/3p.instrset/gnuarm-armcortex.instrset/win/bin/../lib/gcc/arm-none-eabi/11.3.1/thumb/v7e-m+fp/hard\libm.a
START GROUP
LOAD c:/programdata/matlab/supportpackages/r2023b/3p.instrset/gnuarm-armcortex.instrset/win/bin/../lib/gcc/arm-none-eabi/11.3.1/thumb/v7e-m+fp/hard\libgcc.a
LOAD c:/programdata/matlab/supportpackages/r2023b/3p.instrset/gnuarm-armcortex.instrset/win/bin/../lib/gcc/arm-none-eabi/11.3.1/thumb/v7e-m+fp/hard\libc_nano.a
END GROUP
START GROUP
LOAD c:/programdata/matlab/supportpackages/r2023b/3p.instrset/gnuarm-armcortex.instrset/win/bin/../lib/gcc/arm-none-eabi/11.3.1/thumb/v7e-m+fp/hard\libgcc.a
LOAD c:/programdata/matlab/supportpackages/r2023b/3p.instrset/gnuarm-armcortex.instrset/win/bin/../lib/gcc/arm-none-eabi/11.3.1/thumb/v7e-m+fp/hard\libc_nano.a
LOAD c:/programdata/matlab/supportpackages/r2023b/3p.instrset/gnuarm-armcortex.instrset/win/bin/../lib/gcc/arm-none-eabi/11.3.1/thumb/v7e-m+fp/hard\libnosys.a
END GROUP
START GROUP
LOAD c:/programdata/matlab/supportpackages/r2023b/3p.instrset/gnuarm-armcortex.instrset/win/bin/../lib/gcc/arm-none-eabi/11.3.1/thumb/v7e-m+fp/hard\libgcc.a
LOAD c:/programdata/matlab/supportpackages/r2023b/3p.instrset/gnuarm-armcortex.instrset/win/bin/../lib/gcc/arm-none-eabi/11.3.1/thumb/v7e-m+fp/hard\libc_nano.a
LOAD c:/programdata/matlab/supportpackages/r2023b/3p.instrset/gnuarm-armcortex.instrset/win/bin/../lib/gcc/arm-none-eabi/11.3.1/thumb/v7e-m+fp/hard\libnosys.a
END GROUP
LOAD c:/programdata/matlab/supportpackages/r2023b/3p.instrset/gnuarm-armcortex.instrset/win/bin/../lib/gcc/arm-none-eabi/11.3.1/thumb/v7e-m+fp/hard/crtend.o
LOAD c:/programdata/matlab/supportpackages/r2023b/3p.instrset/gnuarm-armcortex.instrset/win/bin/../lib/gcc/arm-none-eabi/11.3.1/thumb/v7e-m+fp/hard/crtn.o
                0x20020000                _estack = (ORIGIN (RAM) + LENGTH (RAM))
                0x00000200                _Min_Heap_Size = 0x200
                0x00000400                _Min_Stack_Size = 0x400

.isr_vector     0x08000000      0x188
                0x08000000                . = ALIGN (0x4)
 *(.isr_vector)
 .isr_vector    0x08000000      0x188 startup_stm32f407vgtx.o
                0x08000000                g_pfnVectors
                0x08000188                . = ALIGN (0x4)

.text           0x08000190     0x66f4
                0x08000190                . = ALIGN (0x4)
 *(.text)
 .text          0x08000190      0x378 c:/programdata/matlab/supportpackages/r2023b/3p.instrset/gnuarm-armcortex.instrset/win/bin/../lib/gcc/arm-none-eabi/11.3.1/thumb/v7e-m+fp/hard\libgcc.a(_arm_addsubdf3.o)
                0x08000190                __aeabi_drsub
                0x08000198                __aeabi_dsub
                0x08000198                __subdf3
                0x0800019c                __aeabi_dadd
                0x0800019c                __adddf3
                0x08000414                __floatunsidf
                0x08000414                __aeabi_ui2d
                0x08000434                __floatsidf
                0x08000434                __aeabi_i2d
                0x08000458                __aeabi_f2d
                0x08000458                __extendsfdf2
                0x0800049c                __floatundidf
                0x0800049c                __aeabi_ul2d
                0x080004ac                __floatdidf
                0x080004ac                __aeabi_l2d
 .text          0x08000508      0x110 c:/programdata/matlab/supportpackages/r2023b/3p.instrset/gnuarm-armcortex.instrset/win/bin/../lib/gcc/arm-none-eabi/11.3.1/thumb/v7e-m+fp/hard\libgcc.a(_arm_cmpdf2.o)
                0x08000508                __gtdf2
                0x08000508                __gedf2
                0x08000510                __ltdf2
                0x08000510                __ledf2
                0x08000518                __nedf2
                0x08000518                __eqdf2
                0x08000518                __cmpdf2
                0x08000594                __aeabi_cdrcmple
                0x080005a4                __aeabi_cdcmpeq
                0x080005a4                __aeabi_cdcmple
                0x080005b4                __aeabi_dcmpeq
                0x080005c8                __aeabi_dcmplt
                0x080005dc                __aeabi_dcmple
                0x080005f0                __aeabi_dcmpge
                0x08000604                __aeabi_dcmpgt
 .text          0x08000618       0x30 c:/programdata/matlab/supportpackages/r2023b/3p.instrset/gnuarm-armcortex.instrset/win/bin/../lib/gcc/arm-none-eabi/11.3.1/thumb/v7e-m+fp/hard\libgcc.a(_aeabi_uldivmod.o)
                0x08000618                __aeabi_uldivmod
 .text          0x08000648        0x4 c:/programdata/matlab/supportpackages/r2023b/3p.instrset/gnuarm-armcortex.instrset/win/bin/../lib/gcc/arm-none-eabi/11.3.1/thumb/v7e-m+fp/hard\libgcc.a(_dvmd_tls.o)
                0x08000648                __aeabi_idiv0
                0x08000648                __aeabi_ldiv0
 *(.text*)
 .text.deregister_tm_clones
                0x0800064c       0x1c c:/programdata/matlab/supportpackages/r2023b/3p.instrset/gnuarm-armcortex.instrset/win/bin/../lib/gcc/arm-none-eabi/11.3.1/thumb/v7e-m+fp/hard/crtbegin.o
 .text.register_tm_clones
                0x08000668       0x24 c:/programdata/matlab/supportpackages/r2023b/3p.instrset/gnuarm-armcortex.instrset/win/bin/../lib/gcc/arm-none-eabi/11.3.1/thumb/v7e-m+fp/hard/crtbegin.o
 .text.__do_global_dtors_aux
                0x0800068c       0x28 c:/programdata/matlab/supportpackages/r2023b/3p.instrset/gnuarm-armcortex.instrset/win/bin/../lib/gcc/arm-none-eabi/11.3.1/thumb/v7e-m+fp/hard/crtbegin.o
 .text.frame_dummy
                0x080006b4       0x24 c:/programdata/matlab/supportpackages/r2023b/3p.instrset/gnuarm-armcortex.instrset/win/bin/../lib/gcc/arm-none-eabi/11.3.1/thumb/v7e-m+fp/hard/crtbegin.o
 .text.baseRateTask
                0x080006d8       0x78 ert_main.o
                0x080006d8                baseRateTask
 .text.terminateTask
                0x08000750       0x34 ert_main.o
                0x08000750                terminateTask
 .text.main     0x08000784       0x58 ert_main.o
                0x08000784                main
 .text.LL_GPIO_SetOutputPin
                0x080007dc       0x1c untitled.o
 .text.LL_GPIO_ResetOutputPin
                0x080007f8       0x1e untitled.o
 *fill*         0x08000816        0x2 
 .text.untitled_step
                0x08000818       0xd8 untitled.o
                0x08000818                untitled_step
 .text.untitled_initialize
                0x080008f0        0xe untitled.o
                0x080008f0                untitled_initialize
 .text.untitled_terminate
                0x080008fe        0xe untitled.o
                0x080008fe                untitled_terminate
 .text.PeriphCommonClock_Config
                0x0800090c       0x10 platform_timer.o
                0x0800090c                PeriphCommonClock_Config
 .text.schedulerTask
                0x0800091c       0x1c mw_freertos_init.o
                0x0800091c                schedulerTask
 .text.baseRateTaskWrapper
                0x08000938       0x16 mw_freertos_init.o
                0x08000938                baseRateTaskWrapper
 *fill*         0x0800094e        0x2 
 .text.mw_RTOSInit
                0x08000950      0x16c mw_freertos_init.o
                0x08000950                mw_RTOSInit
 .text.mw_osThreadCreate
                0x08000abc       0x66 mw_thread.o
                0x08000abc                mw_osThreadCreate
 .text.mw_osThreadExit
                0x08000b22       0x16 mw_thread.o
                0x08000b22                mw_osThreadExit
 .text.mw_osTimerCreate
                0x08000b38       0x42 mw_timer.o
                0x08000b38                mw_osTimerCreate
 .text.mw_osTimerStart
                0x08000b7a       0x48 mw_timer.o
                0x08000b7a                mw_osTimerStart
 .text.mw_osSemaphoreCreate
                0x08000bc2       0x2e mw_semaphore.o
                0x08000bc2                mw_osSemaphoreCreate
 .text.mw_osSemaphoreWaitEver
                0x08000bf0       0x3c mw_semaphore.o
                0x08000bf0                mw_osSemaphoreWaitEver
 .text.mw_osSemaphoreRelease
                0x08000c2c       0x3c mw_semaphore.o
                0x08000c2c                mw_osSemaphoreRelease
 .text.__NVIC_GetPriorityGrouping
                0x08000c68       0x1c main.o
 .text.__NVIC_EnableIRQ
                0x08000c84       0x3c main.o
 .text.__NVIC_SetPriority
                0x08000cc0       0x54 main.o
 .text.NVIC_EncodePriority
                0x08000d14       0x66 main.o
 *fill*         0x08000d7a        0x2 
 .text.LL_DMA_SetDataTransferDirection
                0x08000d7c       0x48 main.o
 .text.LL_DMA_SetMode
                0x08000dc4       0x48 main.o
 .text.LL_DMA_SetPeriphIncMode
                0x08000e0c       0x48 main.o
 .text.LL_DMA_SetMemoryIncMode
                0x08000e54       0x48 main.o
 .text.LL_DMA_SetPeriphSize
                0x08000e9c       0x48 main.o
 .text.LL_DMA_SetMemorySize
                0x08000ee4       0x48 main.o
 .text.LL_DMA_SetStreamPriorityLevel
                0x08000f2c       0x48 main.o
 .text.LL_DMA_SetChannelSelection
                0x08000f74       0x48 main.o
 .text.LL_DMA_DisableFifoMode
                0x08000fbc       0x40 main.o
 .text.LL_I2C_EnableClockStretching
                0x08000ffc       0x20 main.o
 .text.LL_I2C_DisableGeneralCall
                0x0800101c       0x20 main.o
 .text.LL_I2C_SetOwnAddress2
                0x0800103c       0x26 main.o
 .text.LL_I2C_DisableOwnAddress2
                0x08001062       0x20 main.o
 *fill*         0x08001082        0x2 
 .text.LL_RCC_HSE_Enable
                0x08001084       0x20 main.o
 .text.LL_RCC_HSE_IsReady
                0x080010a4       0x28 main.o
 .text.LL_RCC_SetSysClkSource
                0x080010cc       0x28 main.o
 .text.LL_RCC_GetSysClkSource
                0x080010f4       0x1c main.o
 .text.LL_RCC_SetAHBPrescaler
                0x08001110       0x28 main.o
 .text.LL_RCC_SetAPB1Prescaler
                0x08001138       0x28 main.o
 .text.LL_RCC_SetAPB2Prescaler
                0x08001160       0x28 main.o
 .text.LL_RCC_PLL_Enable
                0x08001188       0x20 main.o
 .text.LL_RCC_PLL_IsReady
                0x080011a8       0x28 main.o
 .text.LL_RCC_PLL_ConfigDomain_SYS
                0x080011d0       0x4c main.o
 .text.LL_AHB1_GRP1_EnableClock
                0x0800121c       0x30 main.o
 .text.LL_APB1_GRP1_EnableClock
                0x0800124c       0x30 main.o
 .text.LL_APB2_GRP1_EnableClock
                0x0800127c       0x30 main.o
 .text.LL_SYSCFG_SetEXTISource
                0x080012ac       0x6c main.o
 .text.LL_FLASH_SetLatency
                0x08001318       0x28 main.o
 .text.LL_FLASH_GetLatency
                0x08001340       0x1c main.o
 .text.LL_PWR_SetRegulVoltageScaling
                0x0800135c       0x28 main.o
 .text.LL_SPI_SetStandard
                0x08001384       0x26 main.o
 .text.LL_USART_Enable
                0x080013aa       0x20 main.o
 .text.LL_USART_ConfigAsyncMode
                0x080013ca       0x2c main.o
 .text.LL_GPIO_SetPinMode
                0x080013f6       0x7a main.o
 .text.LL_GPIO_SetPinPull
                0x08001470       0x7a main.o
 .text.LL_GPIO_SetOutputPin
                0x080014ea       0x1c main.o
 .text.LL_GPIO_ResetOutputPin
                0x08001506       0x1e main.o
 .text.SystemClock_Config
                0x08001524       0x94 main.o
                0x08001524                SystemClock_Config
 .text.MX_I2C1_Init
                0x080015b8       0xb0 main.o
                0x080015b8                MX_I2C1_Init
 .text.MX_SPI1_Init
                0x08001668       0xa4 main.o
                0x08001668                MX_SPI1_Init
 .text.MX_USART2_UART_Init
                0x0800170c      0x100 main.o
                0x0800170c                MX_USART2_UART_Init
 .text.MX_DMA_Init
                0x0800180c       0x30 main.o
                0x0800180c                MX_DMA_Init
 .text.MX_GPIO_Init
                0x0800183c      0x23c main.o
                0x0800183c                MX_GPIO_Init
 .text.HAL_TIM_PeriodElapsedCallback
                0x08001a78       0x24 main.o
                0x08001a78                HAL_TIM_PeriodElapsedCallback
 .text.Error_Handler
                0x08001a9c        0xa main.o
                0x08001a9c                Error_Handler
 .text.NMI_Handler
                0x08001aa6        0x6 stm32f4xx_it.o
                0x08001aa6                NMI_Handler
 .text.HardFault_Handler
                0x08001aac        0x6 stm32f4xx_it.o
                0x08001aac                HardFault_Handler
 .text.MemManage_Handler
                0x08001ab2        0x6 stm32f4xx_it.o
                0x08001ab2                MemManage_Handler
 .text.BusFault_Handler
                0x08001ab8        0x6 stm32f4xx_it.o
                0x08001ab8                BusFault_Handler
 .text.UsageFault_Handler
                0x08001abe        0x6 stm32f4xx_it.o
                0x08001abe                UsageFault_Handler
 .text.DebugMon_Handler
                0x08001ac4        0xe stm32f4xx_it.o
                0x08001ac4                DebugMon_Handler
 .text.DMA1_Stream5_IRQHandler
                0x08001ad2        0xe stm32f4xx_it.o
                0x08001ad2                DMA1_Stream5_IRQHandler
 .text.TIM5_IRQHandler
                0x08001ae0       0x14 stm32f4xx_it.o
                0x08001ae0                TIM5_IRQHandler
 .text.HAL_MspInit
                0x08001af4       0x58 stm32f4xx_hal_msp.o
                0x08001af4                HAL_MspInit
 .text.HAL_InitTick
                0x08001b4c       0xb4 stm32f4xx_hal_timebase_tim.o
                0x08001b4c                HAL_InitTick
 .text.LL_GPIO_SetPinMode
                0x08001c00       0x7a stm32f4xx_ll_gpio.o
 .text.LL_GPIO_SetPinOutputType
                0x08001c7a       0x30 stm32f4xx_ll_gpio.o
 .text.LL_GPIO_SetPinSpeed
                0x08001caa       0x7a stm32f4xx_ll_gpio.o
 .text.LL_GPIO_SetPinPull
                0x08001d24       0x7a stm32f4xx_ll_gpio.o
 .text.LL_GPIO_SetAFPin_0_7
                0x08001d9e       0x7a stm32f4xx_ll_gpio.o
 .text.LL_GPIO_SetAFPin_8_15
                0x08001e18       0x7e stm32f4xx_ll_gpio.o
 .text.LL_GPIO_Init
                0x08001e96      0x102 stm32f4xx_ll_gpio.o
                0x08001e96                LL_GPIO_Init
 .text.LL_RCC_GetSysClkSource
                0x08001f98       0x1c stm32f4xx_ll_rcc.o
 .text.LL_RCC_GetAHBPrescaler
                0x08001fb4       0x1c stm32f4xx_ll_rcc.o
 .text.LL_RCC_GetAPB1Prescaler
                0x08001fd0       0x1c stm32f4xx_ll_rcc.o
 .text.LL_RCC_GetAPB2Prescaler
                0x08001fec       0x1c stm32f4xx_ll_rcc.o
 .text.LL_RCC_PLL_GetMainSource
                0x08002008       0x1c stm32f4xx_ll_rcc.o
 .text.LL_RCC_PLL_GetN
                0x08002024       0x1c stm32f4xx_ll_rcc.o
 .text.LL_RCC_PLL_GetP
                0x08002040       0x1c stm32f4xx_ll_rcc.o
 .text.LL_RCC_PLL_GetDivider
                0x0800205c       0x1c stm32f4xx_ll_rcc.o
 .text.LL_RCC_GetSystemClocksFreq
                0x08002078       0x4a stm32f4xx_ll_rcc.o
                0x08002078                LL_RCC_GetSystemClocksFreq
 *fill*         0x080020c2        0x2 
 .text.RCC_GetSystemClockFreq
                0x080020c4       0x50 stm32f4xx_ll_rcc.o
                0x080020c4                RCC_GetSystemClockFreq
 .text.RCC_GetHCLKClockFreq
                0x08002114       0x2c stm32f4xx_ll_rcc.o
                0x08002114                RCC_GetHCLKClockFreq
 .text.RCC_GetPCLK1ClockFreq
                0x08002140       0x28 stm32f4xx_ll_rcc.o
                0x08002140                RCC_GetPCLK1ClockFreq
 .text.RCC_GetPCLK2ClockFreq
                0x08002168       0x28 stm32f4xx_ll_rcc.o
                0x08002168                RCC_GetPCLK2ClockFreq
 .text.RCC_PLL_GetFreqDomain_SYS
                0x08002190       0x7c stm32f4xx_ll_rcc.o
                0x08002190                RCC_PLL_GetFreqDomain_SYS
 .text.LL_SetSystemCoreClock
                0x0800220c       0x20 stm32f4xx_ll_utils.o
                0x0800220c                LL_SetSystemCoreClock
 .text.LL_EXTI_EnableIT_0_31
                0x0800222c       0x24 stm32f4xx_ll_exti.o
 .text.LL_EXTI_DisableIT_0_31
                0x08002250       0x28 stm32f4xx_ll_exti.o
 .text.LL_EXTI_EnableEvent_0_31
                0x08002278       0x24 stm32f4xx_ll_exti.o
 .text.LL_EXTI_DisableEvent_0_31
                0x0800229c       0x28 stm32f4xx_ll_exti.o
 .text.LL_EXTI_EnableRisingTrig_0_31
                0x080022c4       0x24 stm32f4xx_ll_exti.o
 .text.LL_EXTI_DisableRisingTrig_0_31
                0x080022e8       0x28 stm32f4xx_ll_exti.o
 .text.LL_EXTI_EnableFallingTrig_0_31
                0x08002310       0x24 stm32f4xx_ll_exti.o
 .text.LL_EXTI_DisableFallingTrig_0_31
                0x08002334       0x28 stm32f4xx_ll_exti.o
 .text.LL_EXTI_Init
                0x0800235c       0xfe stm32f4xx_ll_exti.o
                0x0800235c                LL_EXTI_Init
 *fill*         0x0800245a        0x2 
 .text.HAL_RCC_GetHCLKFreq
                0x0800245c       0x18 stm32f4xx_hal_rcc.o
                0x0800245c                HAL_RCC_GetHCLKFreq
 .text.HAL_RCC_GetPCLK1Freq
                0x08002474       0x28 stm32f4xx_hal_rcc.o
                0x08002474                HAL_RCC_GetPCLK1Freq
 .text.HAL_RCC_GetClockConfig
                0x0800249c       0x64 stm32f4xx_hal_rcc.o
                0x0800249c                HAL_RCC_GetClockConfig
 .text.__NVIC_SetPriorityGrouping
                0x08002500       0x48 stm32f4xx_hal_cortex.o
 .text.__NVIC_GetPriorityGrouping
                0x08002548       0x1c stm32f4xx_hal_cortex.o
 .text.__NVIC_EnableIRQ
                0x08002564       0x3c stm32f4xx_hal_cortex.o
 .text.__NVIC_SetPriority
                0x080025a0       0x54 stm32f4xx_hal_cortex.o
 .text.NVIC_EncodePriority
                0x080025f4       0x66 stm32f4xx_hal_cortex.o
 .text.HAL_NVIC_SetPriorityGrouping
                0x0800265a       0x16 stm32f4xx_hal_cortex.o
                0x0800265a                HAL_NVIC_SetPriorityGrouping
 .text.HAL_NVIC_SetPriority
                0x08002670       0x38 stm32f4xx_hal_cortex.o
                0x08002670                HAL_NVIC_SetPriority
 .text.HAL_NVIC_EnableIRQ
                0x080026a8       0x1c stm32f4xx_hal_cortex.o
                0x080026a8                HAL_NVIC_EnableIRQ
 .text.HAL_Init
                0x080026c4       0x44 stm32f4xx_hal.o
                0x080026c4                HAL_Init
 .text.HAL_IncTick
                0x08002708       0x28 stm32f4xx_hal.o
                0x08002708                HAL_IncTick
 .text.LL_I2C_Enable
                0x08002730       0x20 stm32f4xx_ll_i2c.o
 .text.LL_I2C_Disable
                0x08002750       0x20 stm32f4xx_ll_i2c.o
 .text.LL_I2C_SetOwnAddress1
                0x08002770       0x30 stm32f4xx_ll_i2c.o
 .text.LL_I2C_ConfigSpeed
                0x080027a0      0x130 stm32f4xx_ll_i2c.o
 .text.LL_I2C_SetMode
                0x080028d0       0x26 stm32f4xx_ll_i2c.o
 .text.LL_I2C_AcknowledgeNextData
                0x080028f6       0x26 stm32f4xx_ll_i2c.o
 .text.LL_I2C_Init
                0x0800291c       0x62 stm32f4xx_ll_i2c.o
                0x0800291c                LL_I2C_Init
 .text.LL_SPI_IsEnabled
                0x0800297e       0x26 stm32f4xx_ll_spi.o
 .text.LL_SPI_SetCRCPolynomial
                0x080029a4       0x20 stm32f4xx_ll_spi.o
 .text.LL_SPI_Init
                0x080029c4       0xa4 stm32f4xx_ll_spi.o
                0x080029c4                LL_SPI_Init
 .text.HAL_TIM_Base_Init
                0x08002a68       0x9e stm32f4xx_hal_tim.o
                0x08002a68                HAL_TIM_Base_Init
 .text.HAL_TIM_Base_MspInit
                0x08002b06       0x14 stm32f4xx_hal_tim.o
                0x08002b06                HAL_TIM_Base_MspInit
 *fill*         0x08002b1a        0x2 
 .text.HAL_TIM_Base_Start_IT
                0x08002b1c       0xe0 stm32f4xx_hal_tim.o
                0x08002b1c                HAL_TIM_Base_Start_IT
 .text.HAL_TIM_IRQHandler
                0x08002bfc      0x210 stm32f4xx_hal_tim.o
                0x08002bfc                HAL_TIM_IRQHandler
 .text.HAL_TIM_OC_DelayElapsedCallback
                0x08002e0c       0x14 stm32f4xx_hal_tim.o
                0x08002e0c                HAL_TIM_OC_DelayElapsedCallback
 .text.HAL_TIM_IC_CaptureCallback
                0x08002e20       0x14 stm32f4xx_hal_tim.o
                0x08002e20                HAL_TIM_IC_CaptureCallback
 .text.HAL_TIM_PWM_PulseFinishedCallback
                0x08002e34       0x14 stm32f4xx_hal_tim.o
                0x08002e34                HAL_TIM_PWM_PulseFinishedCallback
 .text.HAL_TIM_TriggerCallback
                0x08002e48       0x14 stm32f4xx_hal_tim.o
                0x08002e48                HAL_TIM_TriggerCallback
 .text.TIM_Base_SetConfig
                0x08002e5c      0x140 stm32f4xx_hal_tim.o
                0x08002e5c                TIM_Base_SetConfig
 .text.HAL_TIMEx_CommutCallback
                0x08002f9c       0x14 stm32f4xx_hal_tim_ex.o
                0x08002f9c                HAL_TIMEx_CommutCallback
 .text.HAL_TIMEx_BreakCallback
                0x08002fb0       0x14 stm32f4xx_hal_tim_ex.o
                0x08002fb0                HAL_TIMEx_BreakCallback
 .text.LL_USART_IsEnabled
                0x08002fc4       0x28 stm32f4xx_ll_usart.o
 .text.LL_USART_SetStopBitsLength
                0x08002fec       0x26 stm32f4xx_ll_usart.o
 .text.LL_USART_SetHWFlowCtrl
                0x08003012       0x26 stm32f4xx_ll_usart.o
 .text.LL_USART_SetBaudRate
                0x08003038      0x45c stm32f4xx_ll_usart.o
 .text.LL_USART_Init
                0x08003494      0x100 stm32f4xx_ll_usart.o
                0x08003494                LL_USART_Init
 .text.vListInitialise
                0x08003594       0x40 list.o
                0x08003594                vListInitialise
 .text.vListInitialiseItem
                0x080035d4       0x1a list.o
                0x080035d4                vListInitialiseItem
 .text.vListInsertEnd
                0x080035ee       0x48 list.o
                0x080035ee                vListInsertEnd
 .text.vListInsert
                0x08003636       0x72 list.o
                0x08003636                vListInsert
 .text.uxListRemove
                0x080036a8       0x54 list.o
                0x080036a8                uxListRemove
 .text.xQueueGenericReset
                0x080036fc       0xd0 queue.o
                0x080036fc                xQueueGenericReset
 .text.xQueueGenericCreateStatic
                0x080037cc       0xf0 queue.o
                0x080037cc                xQueueGenericCreateStatic
 .text.xQueueGenericCreate
                0x080038bc       0x74 queue.o
                0x080038bc                xQueueGenericCreate
 .text.prvInitialiseNewQueue
                0x08003930       0x46 queue.o
 .text.xQueueCreateCountingSemaphore
                0x08003976       0x66 queue.o
                0x08003976                xQueueCreateCountingSemaphore
 .text.xQueueGenericSend
                0x080039dc      0x1fc queue.o
                0x080039dc                xQueueGenericSend
 .text.xQueueGenericSendFromISR
                0x08003bd8      0x136 queue.o
                0x08003bd8                xQueueGenericSendFromISR
 *fill*         0x08003d0e        0x2 
 .text.xQueueReceive
                0x08003d10      0x1c0 queue.o
                0x08003d10                xQueueReceive
 .text.xQueueSemaphoreTake
                0x08003ed0      0x218 queue.o
                0x08003ed0                xQueueSemaphoreTake
 .text.prvGetDisinheritPriorityAfterTimeout
                0x080040e8       0x30 queue.o
 .text.prvCopyDataToQueue
                0x08004118       0xd4 queue.o
 .text.prvCopyDataFromQueue
                0x080041ec       0x4c queue.o
 .text.prvUnlockQueue
                0x08004238       0xa4 queue.o
 .text.prvIsQueueEmpty
                0x080042dc       0x2c queue.o
 .text.prvIsQueueFull
                0x08004308       0x30 queue.o
 .text.vQueueAddToRegistry
                0x08004338       0x54 queue.o
                0x08004338                vQueueAddToRegistry
 .text.vQueueWaitForMessageRestricted
                0x0800438c       0x68 queue.o
                0x0800438c                vQueueWaitForMessageRestricted
 .text.xTaskCreateStatic
                0x080043f4       0xba tasks.o
                0x080043f4                xTaskCreateStatic
 .text.xTaskCreate
                0x080044ae       0x8a tasks.o
                0x080044ae                xTaskCreate
 .text.prvInitialiseNewTask
                0x08004538      0x11e tasks.o
 *fill*         0x08004656        0x2 
 .text.prvAddNewTaskToReadyList
                0x08004658       0xe0 tasks.o
 .text.vTaskDelete
                0x08004738       0xe4 tasks.o
                0x08004738                vTaskDelete
 .text.vTaskStartScheduler
                0x0800481c       0xcc tasks.o
                0x0800481c                vTaskStartScheduler
 .text.vTaskSuspendAll
                0x080048e8       0x1c tasks.o
                0x080048e8                vTaskSuspendAll
 .text.xTaskResumeAll
                0x08004904      0x13c tasks.o
                0x08004904                xTaskResumeAll
 .text.xTaskGetTickCount
                0x08004a40       0x20 tasks.o
                0x08004a40                xTaskGetTickCount
 .text.xTaskIncrementTick
                0x08004a60      0x174 tasks.o
                0x08004a60                xTaskIncrementTick
 .text.vTaskSwitchContext
                0x08004bd4       0xbc tasks.o
                0x08004bd4                vTaskSwitchContext
 .text.vTaskPlaceOnEventList
                0x08004c90       0x48 tasks.o
                0x08004c90                vTaskPlaceOnEventList
 .text.vTaskPlaceOnEventListRestricted
                0x08004cd8       0x58 tasks.o
                0x08004cd8                vTaskPlaceOnEventListRestricted
 .text.xTaskRemoveFromEventList
                0x08004d30       0xc8 tasks.o
                0x08004d30                xTaskRemoveFromEventList
 .text.vTaskInternalSetTimeOutState
                0x08004df8       0x2c tasks.o
                0x08004df8                vTaskInternalSetTimeOutState
 .text.xTaskCheckForTimeOut
                0x08004e24       0xc4 tasks.o
                0x08004e24                xTaskCheckForTimeOut
 .text.vTaskMissedYield
                0x08004ee8       0x18 tasks.o
                0x08004ee8                vTaskMissedYield
 .text.prvIdleTask
                0x08004f00       0x30 tasks.o
 .text.prvInitialiseTaskLists
                0x08004f30       0x80 tasks.o
 .text.prvCheckTasksWaitingTermination
                0x08004fb0       0x5c tasks.o
 .text.prvDeleteTCB
                0x0800500c       0x5e tasks.o
 *fill*         0x0800506a        0x2 
 .text.prvResetNextTaskUnblockTime
                0x0800506c       0x40 tasks.o
 .text.xTaskGetSchedulerState
                0x080050ac       0x3c tasks.o
                0x080050ac                xTaskGetSchedulerState
 .text.xTaskPriorityInherit
                0x080050e8       0xd0 tasks.o
                0x080050e8                xTaskPriorityInherit
 .text.xTaskPriorityDisinherit
                0x080051b8       0xdc tasks.o
                0x080051b8                xTaskPriorityDisinherit
 .text.vTaskPriorityDisinheritAfterTimeout
                0x08005294      0x104 tasks.o
                0x08005294                vTaskPriorityDisinheritAfterTimeout
 .text.pvTaskIncrementMutexHeldCount
                0x08005398       0x28 tasks.o
                0x08005398                pvTaskIncrementMutexHeldCount
 .text.prvAddCurrentTaskToDelayedList
                0x080053c0       0xa8 tasks.o
 .text.xTimerCreateTimerTask
                0x08005468       0x90 timers.o
                0x08005468                xTimerCreateTimerTask
 .text.xTimerCreate
                0x080054f8       0x42 timers.o
                0x080054f8                xTimerCreate
 .text.prvInitialiseNewTimer
                0x0800553a       0x76 timers.o
 .text.xTimerGenericCommand
                0x080055b0       0x9c timers.o
                0x080055b0                xTimerGenericCommand
 .text.prvProcessExpiredTimer
                0x0800564c       0x98 timers.o
 .text.prvTimerTask
                0x080056e4       0x24 timers.o
 .text.prvProcessTimerOrBlockTask
                0x08005708       0x9c timers.o
 .text.prvGetNextExpireTime
                0x080057a4       0x48 timers.o
 .text.prvSampleTimeNow
                0x080057ec       0x40 timers.o
 .text.prvInsertTimerInActiveList
                0x0800582c       0x84 timers.o
 .text.prvProcessReceivedCommands
                0x080058b0      0x1c4 timers.o
 .text.prvSwitchTimerLists
                0x08005a74       0xc8 timers.o
 .text.prvCheckForValidListAndQueue
                0x08005b3c       0x80 timers.o
 .text.SysTick_Handler
                0x08005bbc       0x20 cmsis_os2.o
                0x08005bbc                SysTick_Handler
 .text.vApplicationGetIdleTaskMemory
                0x08005bdc       0x34 cmsis_os2.o
                0x08005bdc                vApplicationGetIdleTaskMemory
 .text.vApplicationGetTimerTaskMemory
                0x08005c10       0x34 cmsis_os2.o
                0x08005c10                vApplicationGetTimerTaskMemory
 .text.pvPortMalloc
                0x08005c44      0x198 heap_4.o
                0x08005c44                pvPortMalloc
 .text.vPortFree
                0x08005ddc       0xc4 heap_4.o
                0x08005ddc                vPortFree
 .text.prvHeapInit
                0x08005ea0       0xc4 heap_4.o
 .text.prvInsertBlockIntoFreeList
                0x08005f64       0xb4 heap_4.o
 .text.pxPortInitialiseStack
                0x08006018       0x68 port.o
                0x08006018                pxPortInitialiseStack
 .text.prvTaskExitError
                0x08006080       0x58 port.o
 *fill*         0x080060d8        0x8 
 .text.SVC_Handler
                0x080060e0       0x28 port.o
                0x080060e0                SVC_Handler
 .text.prvPortStartFirstTask
                0x08006108       0x28 port.o
 .text.xPortStartScheduler
                0x08006130      0x144 port.o
                0x08006130                xPortStartScheduler
 .text.vPortEnterCritical
                0x08006274       0x60 port.o
                0x08006274                vPortEnterCritical
 .text.vPortExitCritical
                0x080062d4       0x54 port.o
                0x080062d4                vPortExitCritical
 *fill*         0x08006328        0x8 
 .text.PendSV_Handler
                0x08006330       0x68 port.o
                0x08006330                PendSV_Handler
 .text.xPortSysTickHandler
                0x08006398       0x44 port.o
                0x08006398                xPortSysTickHandler
 .text.vPortSetupTimerInterrupt
                0x080063dc       0x48 port.o
                0x080063dc                vPortSetupTimerInterrupt
 .text.vPortEnableVFP
                0x08006424       0x14 port.o
 .text.vPortValidateInterruptPriority
                0x08006438       0x80 port.o
                0x08006438                vPortValidateInterruptPriority
 .text.SystemInit
                0x080064b8       0x24 system_stm32f4xx.o
                0x080064b8                SystemInit
 .text.Reset_Handler
                0x080064dc       0x50 startup_stm32f407vgtx.o
                0x080064dc                Reset_Handler
 .text.Default_Handler
                0x0800652c        0x2 startup_stm32f407vgtx.o
                0x0800652c                RTC_Alarm_IRQHandler
                0x0800652c                HASH_RNG_IRQHandler
                0x0800652c                EXTI2_IRQHandler
                0x0800652c                TIM8_CC_IRQHandler
                0x0800652c                TIM1_CC_IRQHandler
                0x0800652c                DMA2_Stream5_IRQHandler
                0x0800652c                PVD_IRQHandler
                0x0800652c                SDIO_IRQHandler
                0x0800652c                TAMP_STAMP_IRQHandler
                0x0800652c                CAN2_RX1_IRQHandler
                0x0800652c                EXTI3_IRQHandler
                0x0800652c                TIM8_TRG_COM_TIM14_IRQHandler
                0x0800652c                TIM1_UP_TIM10_IRQHandler
                0x0800652c                TIM8_UP_TIM13_IRQHandler
                0x0800652c                I2C3_ER_IRQHandler
                0x0800652c                EXTI0_IRQHandler
                0x0800652c                I2C2_EV_IRQHandler
                0x0800652c                DMA1_Stream2_IRQHandler
                0x0800652c                CAN1_RX0_IRQHandler
                0x0800652c                FPU_IRQHandler
                0x0800652c                OTG_HS_WKUP_IRQHandler
                0x0800652c                CAN2_SCE_IRQHandler
                0x0800652c                DMA2_Stream2_IRQHandler
                0x0800652c                SPI1_IRQHandler
                0x0800652c                TIM6_DAC_IRQHandler
                0x0800652c                TIM1_BRK_TIM9_IRQHandler
                0x0800652c                DCMI_IRQHandler
                0x0800652c                CAN2_RX0_IRQHandler
                0x0800652c                DMA2_Stream3_IRQHandler
                0x0800652c                USART6_IRQHandler
                0x0800652c                USART3_IRQHandler
                0x0800652c                CAN1_RX1_IRQHandler
                0x0800652c                UART5_IRQHandler
                0x0800652c                DMA2_Stream0_IRQHandler
                0x0800652c                TIM4_IRQHandler
                0x0800652c                I2C1_EV_IRQHandler
                0x0800652c                DMA1_Stream6_IRQHandler
                0x0800652c                DMA1_Stream1_IRQHandler
                0x0800652c                UART4_IRQHandler
                0x0800652c                TIM3_IRQHandler
                0x0800652c                RCC_IRQHandler
                0x0800652c                TIM8_BRK_TIM12_IRQHandler
                0x0800652c                Default_Handler
                0x0800652c                EXTI15_10_IRQHandler
                0x0800652c                ADC_IRQHandler
                0x0800652c                DMA1_Stream7_IRQHandler
                0x0800652c                TIM7_IRQHandler
                0x0800652c                CAN2_TX_IRQHandler
                0x0800652c                DMA2_Stream7_IRQHandler
                0x0800652c                I2C3_EV_IRQHandler
                0x0800652c                EXTI9_5_IRQHandler
                0x0800652c                RTC_WKUP_IRQHandler
                0x0800652c                ETH_WKUP_IRQHandler
                0x0800652c                SPI2_IRQHandler
                0x0800652c                OTG_HS_EP1_IN_IRQHandler
                0x0800652c                DMA1_Stream0_IRQHandler
                0x0800652c                CAN1_TX_IRQHandler
                0x0800652c                EXTI4_IRQHandler
                0x0800652c                FSMC_IRQHandler
                0x0800652c                ETH_IRQHandler
                0x0800652c                OTG_HS_EP1_OUT_IRQHandler
                0x0800652c                WWDG_IRQHandler
                0x0800652c                TIM2_IRQHandler
                0x0800652c                OTG_FS_WKUP_IRQHandler
                0x0800652c                TIM1_TRG_COM_TIM11_IRQHandler
                0x0800652c                OTG_HS_IRQHandler
                0x0800652c                EXTI1_IRQHandler
                0x0800652c                USART2_IRQHandler
                0x0800652c                I2C2_ER_IRQHandler
                0x0800652c                DMA2_Stream1_IRQHandler
                0x0800652c                CAN1_SCE_IRQHandler
                0x0800652c                FLASH_IRQHandler
                0x0800652c                DMA2_Stream4_IRQHandler
                0x0800652c                USART1_IRQHandler
                0x0800652c                OTG_FS_IRQHandler
                0x0800652c                SPI3_IRQHandler
                0x0800652c                DMA1_Stream4_IRQHandler
                0x0800652c                I2C1_ER_IRQHandler
                0x0800652c                DMA2_Stream6_IRQHandler
                0x0800652c                DMA1_Stream3_IRQHandler
 *fill*         0x0800652e        0x2 
 .text.__udivmoddi4
                0x08006530      0x2c8 c:/programdata/matlab/supportpackages/r2023b/3p.instrset/gnuarm-armcortex.instrset/win/bin/../lib/gcc/arm-none-eabi/11.3.1/thumb/v7e-m+fp/hard\libgcc.a(_udivmoddi4.o)
                0x08006530                __udivmoddi4
 .text.memset   0x080067f8       0x10 c:/programdata/matlab/supportpackages/r2023b/3p.instrset/gnuarm-armcortex.instrset/win/bin/../lib/gcc/arm-none-eabi/11.3.1/thumb/v7e-m+fp/hard\libc_nano.a(libc_a-memset.o)
                0x080067f8                memset
 .text.__libc_init_array
                0x08006808       0x48 c:/programdata/matlab/supportpackages/r2023b/3p.instrset/gnuarm-armcortex.instrset/win/bin/../lib/gcc/arm-none-eabi/11.3.1/thumb/v7e-m+fp/hard\libc_nano.a(libc_a-init.o)
                0x08006808                __libc_init_array
 .text.memcpy   0x08006850       0x1c c:/programdata/matlab/supportpackages/r2023b/3p.instrset/gnuarm-armcortex.instrset/win/bin/../lib/gcc/arm-none-eabi/11.3.1/thumb/v7e-m+fp/hard\libc_nano.a(libc_a-memcpy-stub.o)
                0x08006850                memcpy
 *(.glue_7)
 .glue_7        0x0800686c        0x0 linker stubs
 *(.glue_7t)
 .glue_7t       0x0800686c        0x0 linker stubs
 *(.eh_frame)
 .eh_frame      0x0800686c        0x0 c:/programdata/matlab/supportpackages/r2023b/3p.instrset/gnuarm-armcortex.instrset/win/bin/../lib/gcc/arm-none-eabi/11.3.1/thumb/v7e-m+fp/hard/crtbegin.o
 *(.init)
 .init          0x0800686c        0x4 c:/programdata/matlab/supportpackages/r2023b/3p.instrset/gnuarm-armcortex.instrset/win/bin/../lib/gcc/arm-none-eabi/11.3.1/thumb/v7e-m+fp/hard/crti.o
                0x0800686c                _init
 .init          0x08006870        0x8 c:/programdata/matlab/supportpackages/r2023b/3p.instrset/gnuarm-armcortex.instrset/win/bin/../lib/gcc/arm-none-eabi/11.3.1/thumb/v7e-m+fp/hard/crtn.o
 *(.fini)
 .fini          0x08006878        0x4 c:/programdata/matlab/supportpackages/r2023b/3p.instrset/gnuarm-armcortex.instrset/win/bin/../lib/gcc/arm-none-eabi/11.3.1/thumb/v7e-m+fp/hard/crti.o
                0x08006878                _fini
 .fini          0x0800687c        0x8 c:/programdata/matlab/supportpackages/r2023b/3p.instrset/gnuarm-armcortex.instrset/win/bin/../lib/gcc/arm-none-eabi/11.3.1/thumb/v7e-m+fp/hard/crtn.o
                0x08006884                . = ALIGN (0x4)
                0x08006884                _etext = .

.vfp11_veneer   0x08006884        0x0
 .vfp11_veneer  0x08006884        0x0 linker stubs

.v4_bx          0x08006884        0x0
 .v4_bx         0x08006884        0x0 linker stubs

.iplt           0x08006884        0x0
 .iplt          0x08006884        0x0 c:/programdata/matlab/supportpackages/r2023b/3p.instrset/gnuarm-armcortex.instrset/win/bin/../lib/gcc/arm-none-eabi/11.3.1/thumb/v7e-m+fp/hard/crtbegin.o

.rodata         0x08006884       0x50
                0x08006884                . = ALIGN (0x4)
 *(.rodata)
 .rodata        0x08006884       0x13 mw_freertos_init.o
 *fill*         0x08006897        0x1 
 .rodata        0x08006898        0x5 tasks.o
 *fill*         0x0800689d        0x3 
 .rodata        0x080068a0        0xd timers.o
 *(.rodata*)
 *fill*         0x080068ad        0x3 
 .rodata.untitled_M
                0x080068b0        0x4 untitled.o
                0x080068b0                untitled_M
 .rodata.STREAM_OFFSET_TAB
                0x080068b4        0x8 main.o
 .rodata.AHBPrescTable
                0x080068bc       0x10 system_stm32f4xx.o
                0x080068bc                AHBPrescTable
 .rodata.APBPrescTable
                0x080068cc        0x8 system_stm32f4xx.o
                0x080068cc                APBPrescTable
                0x080068d4                . = ALIGN (0x4)

.ARM.extab      0x080068d4        0x0
                0x080068d4                . = ALIGN (0x4)
 *(.ARM.extab* .gnu.linkonce.armextab.*)
                0x080068d4                . = ALIGN (0x4)

.ARM            0x080068d4        0x8
                0x080068d4                . = ALIGN (0x4)
                0x080068d4                __exidx_start = .
 *(.ARM.exidx*)
 .ARM.exidx.text.__udivmoddi4
                0x080068d4        0x8 c:/programdata/matlab/supportpackages/r2023b/3p.instrset/gnuarm-armcortex.instrset/win/bin/../lib/gcc/arm-none-eabi/11.3.1/thumb/v7e-m+fp/hard\libgcc.a(_udivmoddi4.o)
                0x080068dc                __exidx_end = .
                0x080068dc                . = ALIGN (0x4)

.rel.dyn        0x080068dc        0x0
 .rel.iplt      0x080068dc        0x0 c:/programdata/matlab/supportpackages/r2023b/3p.instrset/gnuarm-armcortex.instrset/win/bin/../lib/gcc/arm-none-eabi/11.3.1/thumb/v7e-m+fp/hard/crtbegin.o

.preinit_array  0x080068dc        0x0
                0x080068dc                . = ALIGN (0x4)
                0x080068dc                PROVIDE (__preinit_array_start = .)
 *(.preinit_array*)
                0x080068dc                PROVIDE (__preinit_array_end = .)
                0x080068dc                . = ALIGN (0x4)

.init_array     0x080068dc        0x4
                0x080068dc                . = ALIGN (0x4)
                0x080068dc                PROVIDE (__init_array_start = .)
 *(SORT_BY_NAME(.init_array.*))
 *(.init_array*)
 .init_array    0x080068dc        0x4 c:/programdata/matlab/supportpackages/r2023b/3p.instrset/gnuarm-armcortex.instrset/win/bin/../lib/gcc/arm-none-eabi/11.3.1/thumb/v7e-m+fp/hard/crtbegin.o
                0x080068e0                PROVIDE (__init_array_end = .)
                0x080068e0                . = ALIGN (0x4)

.fini_array     0x080068e0        0x4
                0x080068e0                . = ALIGN (0x4)
                [!provide]                PROVIDE (__fini_array_start = .)
 *(SORT_BY_NAME(.fini_array.*))
 *(.fini_array*)
 .fini_array    0x080068e0        0x4 c:/programdata/matlab/supportpackages/r2023b/3p.instrset/gnuarm-armcortex.instrset/win/bin/../lib/gcc/arm-none-eabi/11.3.1/thumb/v7e-m+fp/hard/crtbegin.o
                [!provide]                PROVIDE (__fini_array_end = .)
                0x080068e4                . = ALIGN (0x4)
                0x080068e4                _sidata = LOADADDR (.data)

.data           0x20000000       0x34 load address 0x080068e4
                0x20000000                . = ALIGN (0x4)
                0x20000000                _sdata = .
 *(.data)
 *(.data*)
 .data.runModel
                0x20000000        0x1 ert_main.o
                0x20000000                runModel
 *fill*         0x20000001        0x7 
 .data.untitled_P
                0x20000008       0x20 untitled_data.o
                0x20000008                untitled_P
 .data.uwTickFreq
                0x20000028        0x1 stm32f4xx_hal.o
                0x20000028                uwTickFreq
 *fill*         0x20000029        0x3 
 .data.uxCriticalNesting
                0x2000002c        0x4 port.o
 .data.SystemCoreClock
                0x20000030        0x4 system_stm32f4xx.o
                0x20000030                SystemCoreClock
 *(.RamFunc)
 *(.RamFunc*)
                0x20000034                . = ALIGN (0x4)
                0x20000034                _edata = .
                0x08006918                _siccmram = LOADADDR (.ccmram)

.tm_clone_table
                0x20000034        0x0 load address 0x08006918
 .tm_clone_table
                0x20000034        0x0 c:/programdata/matlab/supportpackages/r2023b/3p.instrset/gnuarm-armcortex.instrset/win/bin/../lib/gcc/arm-none-eabi/11.3.1/thumb/v7e-m+fp/hard/crtbegin.o
 .tm_clone_table
                0x20000034        0x0 c:/programdata/matlab/supportpackages/r2023b/3p.instrset/gnuarm-armcortex.instrset/win/bin/../lib/gcc/arm-none-eabi/11.3.1/thumb/v7e-m+fp/hard/crtend.o

.igot.plt       0x20000034        0x0 load address 0x08006918
 .igot.plt      0x20000034        0x0 c:/programdata/matlab/supportpackages/r2023b/3p.instrset/gnuarm-armcortex.instrset/win/bin/../lib/gcc/arm-none-eabi/11.3.1/thumb/v7e-m+fp/hard/crtbegin.o

.ccmram         0x10000000        0x0 load address 0x08006918
                0x10000000                . = ALIGN (0x4)
                0x10000000                _sccmram = .
 *(.ccmram)
 *(.ccmram*)
                0x10000000                . = ALIGN (0x4)
                0x10000000                _eccmram = .
                0x10000000                . = ALIGN (0x4)

.bss            0x20000034     0x4a0c
                0x20000034                _sbss = .
                0x20000034                __bss_start__ = _sbss
 *(.bss)
 *(.bss*)
 .bss.completed.1
                0x20000034        0x1 c:/programdata/matlab/supportpackages/r2023b/3p.instrset/gnuarm-armcortex.instrset/win/bin/../lib/gcc/arm-none-eabi/11.3.1/thumb/v7e-m+fp/hard/crtbegin.o
 *fill*         0x20000035        0x3 
 .bss.object.0  0x20000038       0x18 c:/programdata/matlab/supportpackages/r2023b/3p.instrset/gnuarm-armcortex.instrset/win/bin/../lib/gcc/arm-none-eabi/11.3.1/thumb/v7e-m+fp/hard/crtbegin.o
 .bss.stopRequested
                0x20000050        0x1 ert_main.o
                0x20000050                stopRequested
 *fill*         0x20000051        0x3 
 .bss.stopSem   0x20000054        0x4 ert_main.o
                0x20000054                stopSem
 .bss.baserateTaskSem
                0x20000058        0x4 ert_main.o
                0x20000058                baserateTaskSem
 .bss.baseRateThread
                0x2000005c       0x1c ert_main.o
                0x2000005c                baseRateThread
 .bss.terminatingmodel
                0x20000078        0x4 ert_main.o
                0x20000078                terminatingmodel
 .bss.untitled_DW
                0x2000007c        0x4 untitled.o
                0x2000007c                untitled_DW
 .bss.untitled_M_
                0x20000080        0x4 untitled.o
 .bss.mw_scheduler_timer_def
                0x20000084       0x20 mw_freertos_init.o
                0x20000084                mw_scheduler_timer_def
 .bss.mw_timer_id
                0x200000a4        0x4 mw_freertos_init.o
                0x200000a4                mw_timer_id
 .bss.htim5     0x200000a8       0x48 stm32f4xx_hal_timebase_tim.o
                0x200000a8                htim5
 .bss.uwTick    0x200000f0        0x4 stm32f4xx_hal.o
                0x200000f0                uwTick
 .bss.xQueueRegistry
                0x200000f4       0x40 queue.o
                0x200000f4                xQueueRegistry
 .bss.pxCurrentTCB
                0x20000134        0x4 tasks.o
                0x20000134                pxCurrentTCB
 .bss.pxReadyTasksLists
                0x20000138      0x460 tasks.o
 .bss.xDelayedTaskList1
                0x20000598       0x14 tasks.o
 .bss.xDelayedTaskList2
                0x200005ac       0x14 tasks.o
 .bss.pxDelayedTaskList
                0x200005c0        0x4 tasks.o
 .bss.pxOverflowDelayedTaskList
                0x200005c4        0x4 tasks.o
 .bss.xPendingReadyList
                0x200005c8       0x14 tasks.o
 .bss.xTasksWaitingTermination
                0x200005dc       0x14 tasks.o
 .bss.uxDeletedTasksWaitingCleanUp
                0x200005f0        0x4 tasks.o
 .bss.xSuspendedTaskList
                0x200005f4       0x14 tasks.o
 .bss.uxCurrentNumberOfTasks
                0x20000608        0x4 tasks.o
 .bss.xTickCount
                0x2000060c        0x4 tasks.o
 .bss.uxTopReadyPriority
                0x20000610        0x4 tasks.o
 .bss.xSchedulerRunning
                0x20000614        0x4 tasks.o
 .bss.xPendedTicks
                0x20000618        0x4 tasks.o
 .bss.xYieldPending
                0x2000061c        0x4 tasks.o
 .bss.xNumOfOverflows
                0x20000620        0x4 tasks.o
 .bss.uxTaskNumber
                0x20000624        0x4 tasks.o
 .bss.xNextTaskUnblockTime
                0x20000628        0x4 tasks.o
 .bss.xIdleTaskHandle
                0x2000062c        0x4 tasks.o
 .bss.uxSchedulerSuspended
                0x20000630        0x4 tasks.o
 .bss.xActiveTimerList1
                0x20000634       0x14 timers.o
 .bss.xActiveTimerList2
                0x20000648       0x14 timers.o
 .bss.pxCurrentTimerList
                0x2000065c        0x4 timers.o
 .bss.pxOverflowTimerList
                0x20000660        0x4 timers.o
 .bss.xTimerQueue
                0x20000664        0x4 timers.o
 .bss.xTimerTaskHandle
                0x20000668        0x4 timers.o
 .bss.xLastTime.2
                0x2000066c        0x4 timers.o
 .bss.ucStaticTimerQueueStorage.1
                0x20000670       0xa0 timers.o
 .bss.xStaticTimerQueue.0
                0x20000710       0x50 timers.o
 .bss.Idle_TCB.3
                0x20000760       0x5c cmsis_os2.o
 .bss.Idle_Stack.2
                0x200007bc      0x200 cmsis_os2.o
 .bss.Timer_TCB.1
                0x200009bc       0x5c cmsis_os2.o
 .bss.Timer_Stack.0
                0x20000a18      0x400 cmsis_os2.o
 .bss.ucHeap    0x20000e18     0x3c00 heap_4.o
 .bss.xStart    0x20004a18        0x8 heap_4.o
 .bss.pxEnd     0x20004a20        0x4 heap_4.o
 .bss.xFreeBytesRemaining
                0x20004a24        0x4 heap_4.o
 .bss.xMinimumEverFreeBytesRemaining
                0x20004a28        0x4 heap_4.o
 .bss.xNumberOfSuccessfulAllocations
                0x20004a2c        0x4 heap_4.o
 .bss.xNumberOfSuccessfulFrees
                0x20004a30        0x4 heap_4.o
 .bss.xBlockAllocatedBit
                0x20004a34        0x4 heap_4.o
 .bss.ucMaxSysCallPriority
                0x20004a38        0x1 port.o
 *fill*         0x20004a39        0x3 
 .bss.ulMaxPRIGROUPValue
                0x20004a3c        0x4 port.o
 *(COMMON)
                0x20004a40                . = ALIGN (0x4)
                0x20004a40                _ebss = .
                0x20004a40                __bss_end__ = _ebss

._user_heap_stack
                0x20004a40      0x600
                0x20004a40                . = ALIGN (0x8)
                [!provide]                PROVIDE (end = .)
                0x20004a40                PROVIDE (_end = .)
                0x20004c40                . = (. + _Min_Heap_Size)
 *fill*         0x20004a40      0x200 
                0x20005040                . = (. + _Min_Stack_Size)
 *fill*         0x20004c40      0x400 
                0x20005040                . = ALIGN (0x8)

/DISCARD/
 libc.a(*)
 libm.a(*)
 libgcc.a(*)

.ARM.attributes
                0x00000000       0x30
 *(.ARM.attributes)
 .ARM.attributes
                0x00000000       0x1e c:/programdata/matlab/supportpackages/r2023b/3p.instrset/gnuarm-armcortex.instrset/win/bin/../lib/gcc/arm-none-eabi/11.3.1/thumb/v7e-m+fp/hard/crti.o
 .ARM.attributes
                0x0000001e       0x34 c:/programdata/matlab/supportpackages/r2023b/3p.instrset/gnuarm-armcortex.instrset/win/bin/../lib/gcc/arm-none-eabi/11.3.1/thumb/v7e-m+fp/hard/crtbegin.o
 .ARM.attributes
                0x00000052       0x34 ert_main.o
 .ARM.attributes
                0x00000086       0x34 untitled.o
 .ARM.attributes
                0x000000ba       0x34 untitled_data.o
 .ARM.attributes
                0x000000ee       0x34 platform_timer.o
 .ARM.attributes
                0x00000122       0x34 mw_freertos_init.o
 .ARM.attributes
                0x00000156       0x34 mw_thread.o
 .ARM.attributes
                0x0000018a       0x34 mw_timer.o
 .ARM.attributes
                0x000001be       0x34 mw_semaphore.o
 .ARM.attributes
                0x000001f2       0x34 main.o
 .ARM.attributes
                0x00000226       0x34 stm32f4xx_it.o
 .ARM.attributes
                0x0000025a       0x34 stm32f4xx_hal_msp.o
 .ARM.attributes
                0x0000028e       0x34 stm32f4xx_hal_timebase_tim.o
 .ARM.attributes
                0x000002c2       0x34 stm32f4xx_ll_gpio.o
 .ARM.attributes
                0x000002f6       0x34 stm32f4xx_ll_rcc.o
 .ARM.attributes
                0x0000032a       0x34 stm32f4xx_ll_utils.o
 .ARM.attributes
                0x0000035e       0x34 stm32f4xx_ll_exti.o
 .ARM.attributes
                0x00000392       0x34 stm32f4xx_hal_rcc.o
 .ARM.attributes
                0x000003c6       0x34 stm32f4xx_hal_cortex.o
 .ARM.attributes
                0x000003fa       0x34 stm32f4xx_hal.o
 .ARM.attributes
                0x0000042e       0x34 stm32f4xx_ll_i2c.o
 .ARM.attributes
                0x00000462       0x34 stm32f4xx_ll_spi.o
 .ARM.attributes
                0x00000496       0x34 stm32f4xx_hal_tim.o
 .ARM.attributes
                0x000004ca       0x34 stm32f4xx_hal_tim_ex.o
 .ARM.attributes
                0x000004fe       0x34 stm32f4xx_ll_usart.o
 .ARM.attributes
                0x00000532       0x34 list.o
 .ARM.attributes
                0x00000566       0x34 queue.o
 .ARM.attributes
                0x0000059a       0x34 tasks.o
 .ARM.attributes
                0x000005ce       0x34 timers.o
 .ARM.attributes
                0x00000602       0x34 cmsis_os2.o
 .ARM.attributes
                0x00000636       0x34 heap_4.o
 .ARM.attributes
                0x0000066a       0x34 port.o
 .ARM.attributes
                0x0000069e       0x34 system_stm32f4xx.o
 .ARM.attributes
                0x000006d2       0x21 startup_stm32f407vgtx.o
 .ARM.attributes
                0x000006f3       0x1e c:/programdata/matlab/supportpackages/r2023b/3p.instrset/gnuarm-armcortex.instrset/win/bin/../lib/gcc/arm-none-eabi/11.3.1/thumb/v7e-m+fp/hard\libgcc.a(_arm_addsubdf3.o)
 .ARM.attributes
                0x00000711       0x1e c:/programdata/matlab/supportpackages/r2023b/3p.instrset/gnuarm-armcortex.instrset/win/bin/../lib/gcc/arm-none-eabi/11.3.1/thumb/v7e-m+fp/hard\libgcc.a(_arm_cmpdf2.o)
 .ARM.attributes
                0x0000072f       0x1e c:/programdata/matlab/supportpackages/r2023b/3p.instrset/gnuarm-armcortex.instrset/win/bin/../lib/gcc/arm-none-eabi/11.3.1/thumb/v7e-m+fp/hard\libgcc.a(_aeabi_uldivmod.o)
 .ARM.attributes
                0x0000074d       0x34 c:/programdata/matlab/supportpackages/r2023b/3p.instrset/gnuarm-armcortex.instrset/win/bin/../lib/gcc/arm-none-eabi/11.3.1/thumb/v7e-m+fp/hard\libgcc.a(_udivmoddi4.o)
 .ARM.attributes
                0x00000781       0x1e c:/programdata/matlab/supportpackages/r2023b/3p.instrset/gnuarm-armcortex.instrset/win/bin/../lib/gcc/arm-none-eabi/11.3.1/thumb/v7e-m+fp/hard\libgcc.a(_dvmd_tls.o)
 .ARM.attributes
                0x0000079f       0x34 c:/programdata/matlab/supportpackages/r2023b/3p.instrset/gnuarm-armcortex.instrset/win/bin/../lib/gcc/arm-none-eabi/11.3.1/thumb/v7e-m+fp/hard\libc_nano.a(libc_a-memset.o)
 .ARM.attributes
                0x000007d3       0x34 c:/programdata/matlab/supportpackages/r2023b/3p.instrset/gnuarm-armcortex.instrset/win/bin/../lib/gcc/arm-none-eabi/11.3.1/thumb/v7e-m+fp/hard\libc_nano.a(libc_a-init.o)
 .ARM.attributes
                0x00000807       0x34 c:/programdata/matlab/supportpackages/r2023b/3p.instrset/gnuarm-armcortex.instrset/win/bin/../lib/gcc/arm-none-eabi/11.3.1/thumb/v7e-m+fp/hard\libc_nano.a(libc_a-memcpy-stub.o)
 .ARM.attributes
                0x0000083b       0x34 c:/programdata/matlab/supportpackages/r2023b/3p.instrset/gnuarm-armcortex.instrset/win/bin/../lib/gcc/arm-none-eabi/11.3.1/thumb/v7e-m+fp/hard/crtend.o
 .ARM.attributes
                0x0000086f       0x1e c:/programdata/matlab/supportpackages/r2023b/3p.instrset/gnuarm-armcortex.instrset/win/bin/../lib/gcc/arm-none-eabi/11.3.1/thumb/v7e-m+fp/hard/crtn.o
OUTPUT(../untitled.elf elf32-littlearm)
LOAD linker stubs
LOAD c:/programdata/matlab/supportpackages/r2023b/3p.instrset/gnuarm-armcortex.instrset/win/bin/../lib/gcc/arm-none-eabi/11.3.1/thumb/v7e-m+fp/hard\libc.a
LOAD c:/programdata/matlab/supportpackages/r2023b/3p.instrset/gnuarm-armcortex.instrset/win/bin/../lib/gcc/arm-none-eabi/11.3.1/thumb/v7e-m+fp/hard\libm.a
LOAD c:/programdata/matlab/supportpackages/r2023b/3p.instrset/gnuarm-armcortex.instrset/win/bin/../lib/gcc/arm-none-eabi/11.3.1/thumb/v7e-m+fp/hard\libgcc.a

.comment        0x00000000       0x33
 .comment       0x00000000       0x33 c:/programdata/matlab/supportpackages/r2023b/3p.instrset/gnuarm-armcortex.instrset/win/bin/../lib/gcc/arm-none-eabi/11.3.1/thumb/v7e-m+fp/hard/crtbegin.o
                                 0x34 (size before relaxing)
 .comment       0x00000033       0x34 ert_main.o
 .comment       0x00000033       0x34 untitled.o
 .comment       0x00000033       0x34 untitled_data.o
 .comment       0x00000033       0x34 platform_timer.o
 .comment       0x00000033       0x34 mw_freertos_init.o
 .comment       0x00000033       0x34 mw_thread.o
 .comment       0x00000033       0x34 mw_timer.o
 .comment       0x00000033       0x34 mw_semaphore.o
 .comment       0x00000033       0x34 main.o
 .comment       0x00000033       0x34 stm32f4xx_it.o
 .comment       0x00000033       0x34 stm32f4xx_hal_msp.o
 .comment       0x00000033       0x34 stm32f4xx_hal_timebase_tim.o
 .comment       0x00000033       0x34 stm32f4xx_ll_gpio.o
 .comment       0x00000033       0x34 stm32f4xx_ll_rcc.o
 .comment       0x00000033       0x34 stm32f4xx_ll_utils.o
 .comment       0x00000033       0x34 stm32f4xx_ll_exti.o
 .comment       0x00000033       0x34 stm32f4xx_hal_rcc.o
 .comment       0x00000033       0x34 stm32f4xx_hal_cortex.o
 .comment       0x00000033       0x34 stm32f4xx_hal.o
 .comment       0x00000033       0x34 stm32f4xx_ll_i2c.o
 .comment       0x00000033       0x34 stm32f4xx_ll_spi.o
 .comment       0x00000033       0x34 stm32f4xx_hal_tim.o
 .comment       0x00000033       0x34 stm32f4xx_hal_tim_ex.o
 .comment       0x00000033       0x34 stm32f4xx_ll_usart.o
 .comment       0x00000033       0x34 list.o
 .comment       0x00000033       0x34 queue.o
 .comment       0x00000033       0x34 tasks.o
 .comment       0x00000033       0x34 timers.o
 .comment       0x00000033       0x34 cmsis_os2.o
 .comment       0x00000033       0x34 heap_4.o
 .comment       0x00000033       0x34 port.o
 .comment       0x00000033       0x34 system_stm32f4xx.o
 .comment       0x00000033       0x34 c:/programdata/matlab/supportpackages/r2023b/3p.instrset/gnuarm-armcortex.instrset/win/bin/../lib/gcc/arm-none-eabi/11.3.1/thumb/v7e-m+fp/hard\libgcc.a(_udivmoddi4.o)
 .comment       0x00000033       0x34 c:/programdata/matlab/supportpackages/r2023b/3p.instrset/gnuarm-armcortex.instrset/win/bin/../lib/gcc/arm-none-eabi/11.3.1/thumb/v7e-m+fp/hard\libc_nano.a(libc_a-memset.o)
 .comment       0x00000033       0x34 c:/programdata/matlab/supportpackages/r2023b/3p.instrset/gnuarm-armcortex.instrset/win/bin/../lib/gcc/arm-none-eabi/11.3.1/thumb/v7e-m+fp/hard\libc_nano.a(libc_a-init.o)
 .comment       0x00000033       0x34 c:/programdata/matlab/supportpackages/r2023b/3p.instrset/gnuarm-armcortex.instrset/win/bin/../lib/gcc/arm-none-eabi/11.3.1/thumb/v7e-m+fp/hard\libc_nano.a(libc_a-memcpy-stub.o)
 .comment       0x00000033       0x34 c:/programdata/matlab/supportpackages/r2023b/3p.instrset/gnuarm-armcortex.instrset/win/bin/../lib/gcc/arm-none-eabi/11.3.1/thumb/v7e-m+fp/hard/crtend.o

.debug_line     0x00000000      0xd18
 .debug_line    0x00000000      0x16f c:/programdata/matlab/supportpackages/r2023b/3p.instrset/gnuarm-armcortex.instrset/win/bin/../lib/gcc/arm-none-eabi/11.3.1/thumb/v7e-m+fp/hard\libgcc.a(_arm_addsubdf3.o)
 .debug_line    0x0000016f       0xa6 c:/programdata/matlab/supportpackages/r2023b/3p.instrset/gnuarm-armcortex.instrset/win/bin/../lib/gcc/arm-none-eabi/11.3.1/thumb/v7e-m+fp/hard\libgcc.a(_arm_cmpdf2.o)
 .debug_line    0x00000215       0x4e c:/programdata/matlab/supportpackages/r2023b/3p.instrset/gnuarm-armcortex.instrset/win/bin/../lib/gcc/arm-none-eabi/11.3.1/thumb/v7e-m+fp/hard\libgcc.a(_aeabi_uldivmod.o)
 .debug_line    0x00000263      0x5e5 c:/programdata/matlab/supportpackages/r2023b/3p.instrset/gnuarm-armcortex.instrset/win/bin/../lib/gcc/arm-none-eabi/11.3.1/thumb/v7e-m+fp/hard\libgcc.a(_udivmoddi4.o)
 .debug_line    0x00000848       0x4a c:/programdata/matlab/supportpackages/r2023b/3p.instrset/gnuarm-armcortex.instrset/win/bin/../lib/gcc/arm-none-eabi/11.3.1/thumb/v7e-m+fp/hard\libgcc.a(_dvmd_tls.o)
 .debug_line    0x00000892      0x176 c:/programdata/matlab/supportpackages/r2023b/3p.instrset/gnuarm-armcortex.instrset/win/bin/../lib/gcc/arm-none-eabi/11.3.1/thumb/v7e-m+fp/hard\libc_nano.a(libc_a-memset.o)
 .debug_line    0x00000a08      0x17f c:/programdata/matlab/supportpackages/r2023b/3p.instrset/gnuarm-armcortex.instrset/win/bin/../lib/gcc/arm-none-eabi/11.3.1/thumb/v7e-m+fp/hard\libc_nano.a(libc_a-init.o)
 .debug_line    0x00000b87      0x191 c:/programdata/matlab/supportpackages/r2023b/3p.instrset/gnuarm-armcortex.instrset/win/bin/../lib/gcc/arm-none-eabi/11.3.1/thumb/v7e-m+fp/hard\libc_nano.a(libc_a-memcpy-stub.o)

.debug_line_str
                0x00000000       0xe2
 .debug_line_str
                0x00000000       0xce c:/programdata/matlab/supportpackages/r2023b/3p.instrset/gnuarm-armcortex.instrset/win/bin/../lib/gcc/arm-none-eabi/11.3.1/thumb/v7e-m+fp/hard\libgcc.a(_arm_addsubdf3.o)
                                 0xdb (size before relaxing)
 .debug_line_str
                0x000000ce       0xdb c:/programdata/matlab/supportpackages/r2023b/3p.instrset/gnuarm-armcortex.instrset/win/bin/../lib/gcc/arm-none-eabi/11.3.1/thumb/v7e-m+fp/hard\libgcc.a(_arm_cmpdf2.o)
 .debug_line_str
                0x000000ce        0x8 c:/programdata/matlab/supportpackages/r2023b/3p.instrset/gnuarm-armcortex.instrset/win/bin/../lib/gcc/arm-none-eabi/11.3.1/thumb/v7e-m+fp/hard\libgcc.a(_aeabi_uldivmod.o)
                                 0xd1 (size before relaxing)
 .debug_line_str
                0x000000d6        0xc c:/programdata/matlab/supportpackages/r2023b/3p.instrset/gnuarm-armcortex.instrset/win/bin/../lib/gcc/arm-none-eabi/11.3.1/thumb/v7e-m+fp/hard\libgcc.a(_dvmd_tls.o)
                                 0xd9 (size before relaxing)

.debug_info     0x00000000      0xa81
 .debug_info    0x00000000       0x25 c:/programdata/matlab/supportpackages/r2023b/3p.instrset/gnuarm-armcortex.instrset/win/bin/../lib/gcc/arm-none-eabi/11.3.1/thumb/v7e-m+fp/hard\libgcc.a(_arm_addsubdf3.o)
 .debug_info    0x00000025       0x25 c:/programdata/matlab/supportpackages/r2023b/3p.instrset/gnuarm-armcortex.instrset/win/bin/../lib/gcc/arm-none-eabi/11.3.1/thumb/v7e-m+fp/hard\libgcc.a(_arm_cmpdf2.o)
 .debug_info    0x0000004a       0x24 c:/programdata/matlab/supportpackages/r2023b/3p.instrset/gnuarm-armcortex.instrset/win/bin/../lib/gcc/arm-none-eabi/11.3.1/thumb/v7e-m+fp/hard\libgcc.a(_aeabi_uldivmod.o)
 .debug_info    0x0000006e      0x6e3 c:/programdata/matlab/supportpackages/r2023b/3p.instrset/gnuarm-armcortex.instrset/win/bin/../lib/gcc/arm-none-eabi/11.3.1/thumb/v7e-m+fp/hard\libgcc.a(_udivmoddi4.o)
 .debug_info    0x00000751       0x24 c:/programdata/matlab/supportpackages/r2023b/3p.instrset/gnuarm-armcortex.instrset/win/bin/../lib/gcc/arm-none-eabi/11.3.1/thumb/v7e-m+fp/hard\libgcc.a(_dvmd_tls.o)
 .debug_info    0x00000775       0xe0 c:/programdata/matlab/supportpackages/r2023b/3p.instrset/gnuarm-armcortex.instrset/win/bin/../lib/gcc/arm-none-eabi/11.3.1/thumb/v7e-m+fp/hard\libc_nano.a(libc_a-memset.o)
 .debug_info    0x00000855      0x10b c:/programdata/matlab/supportpackages/r2023b/3p.instrset/gnuarm-armcortex.instrset/win/bin/../lib/gcc/arm-none-eabi/11.3.1/thumb/v7e-m+fp/hard\libc_nano.a(libc_a-init.o)
 .debug_info    0x00000960      0x121 c:/programdata/matlab/supportpackages/r2023b/3p.instrset/gnuarm-armcortex.instrset/win/bin/../lib/gcc/arm-none-eabi/11.3.1/thumb/v7e-m+fp/hard\libc_nano.a(libc_a-memcpy-stub.o)

.debug_abbrev   0x00000000      0x3e2
 .debug_abbrev  0x00000000       0x14 c:/programdata/matlab/supportpackages/r2023b/3p.instrset/gnuarm-armcortex.instrset/win/bin/../lib/gcc/arm-none-eabi/11.3.1/thumb/v7e-m+fp/hard\libgcc.a(_arm_addsubdf3.o)
 .debug_abbrev  0x00000014       0x14 c:/programdata/matlab/supportpackages/r2023b/3p.instrset/gnuarm-armcortex.instrset/win/bin/../lib/gcc/arm-none-eabi/11.3.1/thumb/v7e-m+fp/hard\libgcc.a(_arm_cmpdf2.o)
 .debug_abbrev  0x00000028       0x14 c:/programdata/matlab/supportpackages/r2023b/3p.instrset/gnuarm-armcortex.instrset/win/bin/../lib/gcc/arm-none-eabi/11.3.1/thumb/v7e-m+fp/hard\libgcc.a(_aeabi_uldivmod.o)
 .debug_abbrev  0x0000003c      0x16a c:/programdata/matlab/supportpackages/r2023b/3p.instrset/gnuarm-armcortex.instrset/win/bin/../lib/gcc/arm-none-eabi/11.3.1/thumb/v7e-m+fp/hard\libgcc.a(_udivmoddi4.o)
 .debug_abbrev  0x000001a6       0x14 c:/programdata/matlab/supportpackages/r2023b/3p.instrset/gnuarm-armcortex.instrset/win/bin/../lib/gcc/arm-none-eabi/11.3.1/thumb/v7e-m+fp/hard\libgcc.a(_dvmd_tls.o)
 .debug_abbrev  0x000001ba       0x9e c:/programdata/matlab/supportpackages/r2023b/3p.instrset/gnuarm-armcortex.instrset/win/bin/../lib/gcc/arm-none-eabi/11.3.1/thumb/v7e-m+fp/hard\libc_nano.a(libc_a-memset.o)
 .debug_abbrev  0x00000258       0xc9 c:/programdata/matlab/supportpackages/r2023b/3p.instrset/gnuarm-armcortex.instrset/win/bin/../lib/gcc/arm-none-eabi/11.3.1/thumb/v7e-m+fp/hard\libc_nano.a(libc_a-init.o)
 .debug_abbrev  0x00000321       0xc1 c:/programdata/matlab/supportpackages/r2023b/3p.instrset/gnuarm-armcortex.instrset/win/bin/../lib/gcc/arm-none-eabi/11.3.1/thumb/v7e-m+fp/hard\libc_nano.a(libc_a-memcpy-stub.o)

.debug_aranges  0x00000000      0x100
 .debug_aranges
                0x00000000       0x20 c:/programdata/matlab/supportpackages/r2023b/3p.instrset/gnuarm-armcortex.instrset/win/bin/../lib/gcc/arm-none-eabi/11.3.1/thumb/v7e-m+fp/hard\libgcc.a(_arm_addsubdf3.o)
 .debug_aranges
                0x00000020       0x20 c:/programdata/matlab/supportpackages/r2023b/3p.instrset/gnuarm-armcortex.instrset/win/bin/../lib/gcc/arm-none-eabi/11.3.1/thumb/v7e-m+fp/hard\libgcc.a(_arm_cmpdf2.o)
 .debug_aranges
                0x00000040       0x20 c:/programdata/matlab/supportpackages/r2023b/3p.instrset/gnuarm-armcortex.instrset/win/bin/../lib/gcc/arm-none-eabi/11.3.1/thumb/v7e-m+fp/hard\libgcc.a(_aeabi_uldivmod.o)
 .debug_aranges
                0x00000060       0x20 c:/programdata/matlab/supportpackages/r2023b/3p.instrset/gnuarm-armcortex.instrset/win/bin/../lib/gcc/arm-none-eabi/11.3.1/thumb/v7e-m+fp/hard\libgcc.a(_udivmoddi4.o)
 .debug_aranges
                0x00000080       0x20 c:/programdata/matlab/supportpackages/r2023b/3p.instrset/gnuarm-armcortex.instrset/win/bin/../lib/gcc/arm-none-eabi/11.3.1/thumb/v7e-m+fp/hard\libgcc.a(_dvmd_tls.o)
 .debug_aranges
                0x000000a0       0x20 c:/programdata/matlab/supportpackages/r2023b/3p.instrset/gnuarm-armcortex.instrset/win/bin/../lib/gcc/arm-none-eabi/11.3.1/thumb/v7e-m+fp/hard\libc_nano.a(libc_a-memset.o)
 .debug_aranges
                0x000000c0       0x20 c:/programdata/matlab/supportpackages/r2023b/3p.instrset/gnuarm-armcortex.instrset/win/bin/../lib/gcc/arm-none-eabi/11.3.1/thumb/v7e-m+fp/hard\libc_nano.a(libc_a-init.o)
 .debug_aranges
                0x000000e0       0x20 c:/programdata/matlab/supportpackages/r2023b/3p.instrset/gnuarm-armcortex.instrset/win/bin/../lib/gcc/arm-none-eabi/11.3.1/thumb/v7e-m+fp/hard\libc_nano.a(libc_a-memcpy-stub.o)

.debug_str      0x00000000      0xa27
 .debug_str     0x00000000       0xda c:/programdata/matlab/supportpackages/r2023b/3p.instrset/gnuarm-armcortex.instrset/win/bin/../lib/gcc/arm-none-eabi/11.3.1/thumb/v7e-m+fp/hard\libgcc.a(_arm_addsubdf3.o)
 .debug_str     0x000000da       0xda c:/programdata/matlab/supportpackages/r2023b/3p.instrset/gnuarm-armcortex.instrset/win/bin/../lib/gcc/arm-none-eabi/11.3.1/thumb/v7e-m+fp/hard\libgcc.a(_arm_cmpdf2.o)
 .debug_str     0x000000da       0x4f c:/programdata/matlab/supportpackages/r2023b/3p.instrset/gnuarm-armcortex.instrset/win/bin/../lib/gcc/arm-none-eabi/11.3.1/thumb/v7e-m+fp/hard\libgcc.a(_aeabi_uldivmod.o)
                                 0xd5 (size before relaxing)
 .debug_str     0x00000129      0x5f1 c:/programdata/matlab/supportpackages/r2023b/3p.instrset/gnuarm-armcortex.instrset/win/bin/../lib/gcc/arm-none-eabi/11.3.1/thumb/v7e-m+fp/hard\libgcc.a(_udivmoddi4.o)
                                0x6a4 (size before relaxing)
 .debug_str     0x0000071a       0x53 c:/programdata/matlab/supportpackages/r2023b/3p.instrset/gnuarm-armcortex.instrset/win/bin/../lib/gcc/arm-none-eabi/11.3.1/thumb/v7e-m+fp/hard\libgcc.a(_dvmd_tls.o)
                                 0xd9 (size before relaxing)
 .debug_str     0x0000076d      0x177 c:/programdata/matlab/supportpackages/r2023b/3p.instrset/gnuarm-armcortex.instrset/win/bin/../lib/gcc/arm-none-eabi/11.3.1/thumb/v7e-m+fp/hard\libc_nano.a(libc_a-memset.o)
                                0x20c (size before relaxing)
 .debug_str     0x000008e4       0xc3 c:/programdata/matlab/supportpackages/r2023b/3p.instrset/gnuarm-armcortex.instrset/win/bin/../lib/gcc/arm-none-eabi/11.3.1/thumb/v7e-m+fp/hard\libc_nano.a(libc_a-init.o)
                                0x26d (size before relaxing)
 .debug_str     0x000009a7       0x80 c:/programdata/matlab/supportpackages/r2023b/3p.instrset/gnuarm-armcortex.instrset/win/bin/../lib/gcc/arm-none-eabi/11.3.1/thumb/v7e-m+fp/hard\libc_nano.a(libc_a-memcpy-stub.o)
                                0x22a (size before relaxing)

.debug_frame    0x00000000      0x244
 .debug_frame   0x00000000       0xac c:/programdata/matlab/supportpackages/r2023b/3p.instrset/gnuarm-armcortex.instrset/win/bin/../lib/gcc/arm-none-eabi/11.3.1/thumb/v7e-m+fp/hard\libgcc.a(_arm_addsubdf3.o)
 .debug_frame   0x000000ac       0xc4 c:/programdata/matlab/supportpackages/r2023b/3p.instrset/gnuarm-armcortex.instrset/win/bin/../lib/gcc/arm-none-eabi/11.3.1/thumb/v7e-m+fp/hard\libgcc.a(_arm_cmpdf2.o)
 .debug_frame   0x00000170       0x2c c:/programdata/matlab/supportpackages/r2023b/3p.instrset/gnuarm-armcortex.instrset/win/bin/../lib/gcc/arm-none-eabi/11.3.1/thumb/v7e-m+fp/hard\libgcc.a(_aeabi_uldivmod.o)
 .debug_frame   0x0000019c       0x34 c:/programdata/matlab/supportpackages/r2023b/3p.instrset/gnuarm-armcortex.instrset/win/bin/../lib/gcc/arm-none-eabi/11.3.1/thumb/v7e-m+fp/hard\libgcc.a(_udivmoddi4.o)
 .debug_frame   0x000001d0       0x20 c:/programdata/matlab/supportpackages/r2023b/3p.instrset/gnuarm-armcortex.instrset/win/bin/../lib/gcc/arm-none-eabi/11.3.1/thumb/v7e-m+fp/hard\libc_nano.a(libc_a-memset.o)
 .debug_frame   0x000001f0       0x2c c:/programdata/matlab/supportpackages/r2023b/3p.instrset/gnuarm-armcortex.instrset/win/bin/../lib/gcc/arm-none-eabi/11.3.1/thumb/v7e-m+fp/hard\libc_nano.a(libc_a-init.o)
 .debug_frame   0x0000021c       0x28 c:/programdata/matlab/supportpackages/r2023b/3p.instrset/gnuarm-armcortex.instrset/win/bin/../lib/gcc/arm-none-eabi/11.3.1/thumb/v7e-m+fp/hard\libc_nano.a(libc_a-memcpy-stub.o)

.debug_loclists
                0x00000000      0xc29
 .debug_loclists
                0x00000000      0xb0f c:/programdata/matlab/supportpackages/r2023b/3p.instrset/gnuarm-armcortex.instrset/win/bin/../lib/gcc/arm-none-eabi/11.3.1/thumb/v7e-m+fp/hard\libgcc.a(_udivmoddi4.o)
 .debug_loclists
                0x00000b0f       0x47 c:/programdata/matlab/supportpackages/r2023b/3p.instrset/gnuarm-armcortex.instrset/win/bin/../lib/gcc/arm-none-eabi/11.3.1/thumb/v7e-m+fp/hard\libc_nano.a(libc_a-memset.o)
 .debug_loclists
                0x00000b56       0x44 c:/programdata/matlab/supportpackages/r2023b/3p.instrset/gnuarm-armcortex.instrset/win/bin/../lib/gcc/arm-none-eabi/11.3.1/thumb/v7e-m+fp/hard\libc_nano.a(libc_a-init.o)
 .debug_loclists
                0x00000b9a       0x8f c:/programdata/matlab/supportpackages/r2023b/3p.instrset/gnuarm-armcortex.instrset/win/bin/../lib/gcc/arm-none-eabi/11.3.1/thumb/v7e-m+fp/hard\libc_nano.a(libc_a-memcpy-stub.o)

.debug_rnglists
                0x00000000       0xcb
 .debug_rnglists
                0x00000000       0x92 c:/programdata/matlab/supportpackages/r2023b/3p.instrset/gnuarm-armcortex.instrset/win/bin/../lib/gcc/arm-none-eabi/11.3.1/thumb/v7e-m+fp/hard\libgcc.a(_udivmoddi4.o)
 .debug_rnglists
                0x00000092       0x13 c:/programdata/matlab/supportpackages/r2023b/3p.instrset/gnuarm-armcortex.instrset/win/bin/../lib/gcc/arm-none-eabi/11.3.1/thumb/v7e-m+fp/hard\libc_nano.a(libc_a-memset.o)
 .debug_rnglists
                0x000000a5       0x13 c:/programdata/matlab/supportpackages/r2023b/3p.instrset/gnuarm-armcortex.instrset/win/bin/../lib/gcc/arm-none-eabi/11.3.1/thumb/v7e-m+fp/hard\libc_nano.a(libc_a-init.o)
 .debug_rnglists
                0x000000b8       0x13 c:/programdata/matlab/supportpackages/r2023b/3p.instrset/gnuarm-armcortex.instrset/win/bin/../lib/gcc/arm-none-eabi/11.3.1/thumb/v7e-m+fp/hard\libc_nano.a(libc_a-memcpy-stub.o)
