******************************************************************************
             TMS320C2000 Linker PC v22.6.0                     
******************************************************************************
>> Linked Wed Mar 12 10:06:01 2025

OUTPUT FILE NAME:   <../mcb_pmsm_foc_qep_dyno_f28069m.out>
ENTRY POINT SYMBOL: "_c_int00"  address: 003daf9c


MEMORY CONFIGURATION

         name            origin    length      used     unused   attr    fill
----------------------  --------  ---------  --------  --------  ----  --------
PAGE 0:
  BEGINRAM              00000000   00000002  00000000  00000002  RWIX
  PRAM                  00008000   00006000  000010e7  00004f19  RWIX
  OTP                   003d7800   000003fa  00000000  000003fa  RWIX
  FLASH                 003d8000   0001fff0  00004eb4  0001b13c  RWIX
  BEGINFLASH            003f7ff6   00000002  00000002  00000000  RWIX
  CSM_PWL               003f7ff8   00000008  00000000  00000008  RWIX
  FPUTABLES             003fd590   000006a0  000006a0  00000000  RWIX
  IQTABLES              003fdc30   00000b50  00000000  00000b50  RWIX
  IQTABLES2             003fe780   0000008c  00000000  0000008c  RWIX
  IQTABLES3             003fe80c   000000aa  00000000  000000aa  RWIX
  BOOTROM               003ff3b0   00000c10  00000000  00000c10  RWIX
  RESET                 003fffc0   00000002  00000000  00000002  RWIX
  VECTORS               003fffc2   0000003e  00000000  0000003e  RWIX

PAGE 1:
  RAMM0M1               00000002   000007fe  00000400  000003fe  RWIX
  DEV_EMU               00000880   00000105  00000004  00000101  RWIX
  SYS_PWR_CTL           00000985   00000003  00000003  00000000  RWIX
  FLASH_REGS            00000a80   00000060  00000008  00000058  RWIX
  CSM                   00000ae0   00000020  00000010  00000010  RWIX
  ADC_RESULT            00000b00   00000020  00000010  00000010  RWIX
  CPU_TIMER0            00000c00   00000008  00000008  00000000  RWIX
  CPU_TIMER1            00000c08   00000008  00000008  00000000  RWIX
  CPU_TIMER2            00000c10   00000008  00000008  00000000  RWIX
  PIE_CTRL              00000ce0   00000020  0000001a  00000006  RWIX
  PIE_VECT              00000d00   00000100  00000100  00000000  RWIX
  DMA                   00001000   00000200  000000e0  00000120  RWIX
  CLA1                  00001400   00000080  00000040  00000040  RWIX
  USB0                  00004000   00001000  00000454  00000bac  RWIX
  McBSPA                00005000   00000040  00000024  0000001c  RWIX
  ECANA                 00006000   00000040  00000034  0000000c  RWIX
  ECANA_LAM             00006040   00000040  00000040  00000000  RWIX
  ECANA_MOTS            00006080   00000040  00000040  00000000  RWIX
  ECANA_MOTO            000060c0   00000040  00000040  00000000  RWIX
  ECANA_MBOX            00006100   00000100  00000100  00000000  RWIX
  COMP1                 00006400   00000020  00000014  0000000c  RWIX
  COMP2                 00006420   00000020  00000014  0000000c  RWIX
  COMP3                 00006440   00000020  00000014  0000000c  RWIX
  EPWM1                 00006800   00000040  00000040  00000000  RWIX
  EPWM2                 00006840   00000040  00000040  00000000  RWIX
  EPWM3                 00006880   00000040  00000040  00000000  RWIX
  EPWM4                 000068c0   00000040  00000040  00000000  RWIX
  EPWM5                 00006900   00000040  00000040  00000000  RWIX
  EPWM6                 00006940   00000040  00000040  00000000  RWIX
  EPWM7                 00006980   00000040  00000040  00000000  RWIX
  EPWM8                 000069c0   00000040  00000040  00000000  RWIX
  ECAP1                 00006a00   00000020  00000020  00000000  RWIX
  ECAP2                 00006a20   00000020  00000020  00000000  RWIX
  ECAP3                 00006a40   00000020  00000020  00000000  RWIX
  HRCAP1                00006ac0   00000020  00000020  00000000  RWIX
  HRCAP2                00006ae0   00000020  00000020  00000000  RWIX
  EQEP1                 00006b00   00000040  00000022  0000001e  RWIX
  EQEP2                 00006b40   00000040  00000022  0000001e  RWIX
  HRCAP3                00006c80   00000020  00000020  00000000  RWIX
  HRCAP4                00006ca0   00000020  00000020  00000000  RWIX
  GPIOCTRL              00006f80   00000040  00000040  00000000  RWIX
  GPIODAT               00006fc0   00000020  00000020  00000000  RWIX
  GPIOINT               00006fe0   00000020  00000020  00000000  RWIX
  SYSTEM                00007010   00000030  00000030  00000000  RWIX
  SPIA                  00007040   00000010  00000010  00000000  RWIX
  SCIA                  00007050   00000010  00000010  00000000  RWIX
  NMIINTRUPT            00007060   00000010  00000010  00000000  RWIX
  XINTRUPT              00007070   00000010  00000010  00000000  RWIX
  ADC                   00007100   00000080  00000050  00000030  RWIX
  SPIB                  00007740   00000010  00000010  00000000  RWIX
  SCIB                  00007750   00000010  00000010  00000000  RWIX
  I2CA                  00007900   00000040  00000022  0000001e  RWIX
  DRAM                  0000e000   00006000  0000073b  000058c5  RWIX
  PARTID                003d7e80   00000001  00000001  00000000  RWIX
  CSM_PWL               003f7ff8   00000008  00000008  00000000  RWIX


SECTION ALLOCATION MAP

 output                                  attributes/
section   page    origin      length       input sections
--------  ----  ----------  ----------   ----------------
DevEmuRegsFile 
*          1    00000880    00000004     UNINITIALIZED
                  00000880    00000004     F2806x_GlobalVariableDefs.obj (DevEmuRegsFile)

SysPwrCtrlRegsFile 
*          1    00000985    00000003     UNINITIALIZED
                  00000985    00000003     F2806x_GlobalVariableDefs.obj (SysPwrCtrlRegsFile)

FlashRegsFile 
*          1    00000a80    00000008     UNINITIALIZED
                  00000a80    00000008     F2806x_GlobalVariableDefs.obj (FlashRegsFile)

CsmRegsFile 
*          1    00000ae0    00000010     UNINITIALIZED
                  00000ae0    00000010     F2806x_GlobalVariableDefs.obj (CsmRegsFile)

AdcResultFile 
*          1    00000b00    00000010     UNINITIALIZED
                  00000b00    00000010     F2806x_GlobalVariableDefs.obj (AdcResultFile)

CpuTimer0RegsFile 
*          1    00000c00    00000008     UNINITIALIZED
                  00000c00    00000008     F2806x_GlobalVariableDefs.obj (CpuTimer0RegsFile)

CpuTimer1RegsFile 
*          1    00000c08    00000008     UNINITIALIZED
                  00000c08    00000008     F2806x_GlobalVariableDefs.obj (CpuTimer1RegsFile)

CpuTimer2RegsFile 
*          1    00000c10    00000008     UNINITIALIZED
                  00000c10    00000008     F2806x_GlobalVariableDefs.obj (CpuTimer2RegsFile)

PieCtrlRegsFile 
*          1    00000ce0    0000001a     UNINITIALIZED
                  00000ce0    0000001a     F2806x_GlobalVariableDefs.obj (PieCtrlRegsFile)

PieVectTableFile 
*          1    00000d00    00000100     UNINITIALIZED
                  00000d00    00000100     F2806x_GlobalVariableDefs.obj (PieVectTableFile)

EmuKeyVar 
*          1    00000d00    00000001     UNINITIALIZED
                  00000d00    00000001     F2806x_GlobalVariableDefs.obj (EmuKeyVar)

EmuBModeVar 
*          1    00000d01    00000001     UNINITIALIZED
                  00000d01    00000001     F2806x_GlobalVariableDefs.obj (EmuBModeVar)

FlashCallbackVar 
*          1    00000d02    00000002     UNINITIALIZED
                  00000d02    00000002     F2806x_GlobalVariableDefs.obj (FlashCallbackVar)

FlashScalingVar 
*          1    00000d04    00000002     UNINITIALIZED
                  00000d04    00000002     F2806x_GlobalVariableDefs.obj (FlashScalingVar)

DmaRegsFile 
*          1    00001000    000000e0     UNINITIALIZED
                  00001000    000000e0     F2806x_GlobalVariableDefs.obj (DmaRegsFile)

Cla1RegsFile 
*          1    00001400    00000040     UNINITIALIZED
                  00001400    00000040     F2806x_GlobalVariableDefs.obj (Cla1RegsFile)

Usb0RegsFile 
*          1    00004000    00000454     UNINITIALIZED
                  00004000    00000454     F2806x_GlobalVariableDefs.obj (Usb0RegsFile)

McbspaRegsFile 
*          1    00005000    00000024     UNINITIALIZED
                  00005000    00000024     F2806x_GlobalVariableDefs.obj (McbspaRegsFile)

ECanaRegsFile 
*          1    00006000    00000034     UNINITIALIZED
                  00006000    00000034     F2806x_GlobalVariableDefs.obj (ECanaRegsFile)

ECanaLAMRegsFile 
*          1    00006040    00000040     UNINITIALIZED
                  00006040    00000040     F2806x_GlobalVariableDefs.obj (ECanaLAMRegsFile)

ECanaMOTSRegsFile 
*          1    00006080    00000040     UNINITIALIZED
                  00006080    00000040     F2806x_GlobalVariableDefs.obj (ECanaMOTSRegsFile)

ECanaMOTORegsFile 
*          1    000060c0    00000040     UNINITIALIZED
                  000060c0    00000040     F2806x_GlobalVariableDefs.obj (ECanaMOTORegsFile)

ECanaMboxesFile 
*          1    00006100    00000100     UNINITIALIZED
                  00006100    00000100     F2806x_GlobalVariableDefs.obj (ECanaMboxesFile)

Comp1RegsFile 
*          1    00006400    00000014     UNINITIALIZED
                  00006400    00000014     F2806x_GlobalVariableDefs.obj (Comp1RegsFile)

Comp2RegsFile 
*          1    00006420    00000014     UNINITIALIZED
                  00006420    00000014     F2806x_GlobalVariableDefs.obj (Comp2RegsFile)

Comp3RegsFile 
*          1    00006440    00000014     UNINITIALIZED
                  00006440    00000014     F2806x_GlobalVariableDefs.obj (Comp3RegsFile)

EPwm1RegsFile 
*          1    00006800    00000040     UNINITIALIZED
                  00006800    00000040     F2806x_GlobalVariableDefs.obj (EPwm1RegsFile)

EPwm2RegsFile 
*          1    00006840    00000040     UNINITIALIZED
                  00006840    00000040     F2806x_GlobalVariableDefs.obj (EPwm2RegsFile)

EPwm3RegsFile 
*          1    00006880    00000040     UNINITIALIZED
                  00006880    00000040     F2806x_GlobalVariableDefs.obj (EPwm3RegsFile)

EPwm4RegsFile 
*          1    000068c0    00000040     UNINITIALIZED
                  000068c0    00000040     F2806x_GlobalVariableDefs.obj (EPwm4RegsFile)

EPwm5RegsFile 
*          1    00006900    00000040     UNINITIALIZED
                  00006900    00000040     F2806x_GlobalVariableDefs.obj (EPwm5RegsFile)

EPwm6RegsFile 
*          1    00006940    00000040     UNINITIALIZED
                  00006940    00000040     F2806x_GlobalVariableDefs.obj (EPwm6RegsFile)

EPwm7RegsFile 
*          1    00006980    00000040     UNINITIALIZED
                  00006980    00000040     F2806x_GlobalVariableDefs.obj (EPwm7RegsFile)

EPwm8RegsFile 
*          1    000069c0    00000040     UNINITIALIZED
                  000069c0    00000040     F2806x_GlobalVariableDefs.obj (EPwm8RegsFile)

ECap1RegsFile 
*          1    00006a00    00000020     UNINITIALIZED
                  00006a00    00000020     F2806x_GlobalVariableDefs.obj (ECap1RegsFile)

ECap2RegsFile 
*          1    00006a20    00000020     UNINITIALIZED
                  00006a20    00000020     F2806x_GlobalVariableDefs.obj (ECap2RegsFile)

ECap3RegsFile 
*          1    00006a40    00000020     UNINITIALIZED
                  00006a40    00000020     F2806x_GlobalVariableDefs.obj (ECap3RegsFile)

HRCap1RegsFile 
*          1    00006ac0    00000020     UNINITIALIZED
                  00006ac0    00000020     F2806x_GlobalVariableDefs.obj (HRCap1RegsFile)

HRCap2RegsFile 
*          1    00006ae0    00000020     UNINITIALIZED
                  00006ae0    00000020     F2806x_GlobalVariableDefs.obj (HRCap2RegsFile)

EQep1RegsFile 
*          1    00006b00    00000022     UNINITIALIZED
                  00006b00    00000022     F2806x_GlobalVariableDefs.obj (EQep1RegsFile)

EQep2RegsFile 
*          1    00006b40    00000022     UNINITIALIZED
                  00006b40    00000022     F2806x_GlobalVariableDefs.obj (EQep2RegsFile)

HRCap3RegsFile 
*          1    00006c80    00000020     UNINITIALIZED
                  00006c80    00000020     F2806x_GlobalVariableDefs.obj (HRCap3RegsFile)

HRCap4RegsFile 
*          1    00006ca0    00000020     UNINITIALIZED
                  00006ca0    00000020     F2806x_GlobalVariableDefs.obj (HRCap4RegsFile)

GpioCtrlRegsFile 
*          1    00006f80    00000040     UNINITIALIZED
                  00006f80    00000040     F2806x_GlobalVariableDefs.obj (GpioCtrlRegsFile)

GpioDataRegsFile 
*          1    00006fc0    00000020     UNINITIALIZED
                  00006fc0    00000020     F2806x_GlobalVariableDefs.obj (GpioDataRegsFile)

GpioIntRegsFile 
*          1    00006fe0    00000020     UNINITIALIZED
                  00006fe0    00000020     F2806x_GlobalVariableDefs.obj (GpioIntRegsFile)

SysCtrlRegsFile 
*          1    00007010    00000030     UNINITIALIZED
                  00007010    00000030     F2806x_GlobalVariableDefs.obj (SysCtrlRegsFile)

SpiaRegsFile 
*          1    00007040    00000010     UNINITIALIZED
                  00007040    00000010     F2806x_GlobalVariableDefs.obj (SpiaRegsFile)

SciaRegsFile 
*          1    00007050    00000010     UNINITIALIZED
                  00007050    00000010     F2806x_GlobalVariableDefs.obj (SciaRegsFile)

NmiIntruptRegsFile 
*          1    00007060    00000010     UNINITIALIZED
                  00007060    00000010     F2806x_GlobalVariableDefs.obj (NmiIntruptRegsFile)

XIntruptRegsFile 
*          1    00007070    00000010     UNINITIALIZED
                  00007070    00000010     F2806x_GlobalVariableDefs.obj (XIntruptRegsFile)

AdcRegsFile 
*          1    00007100    00000050     UNINITIALIZED
                  00007100    00000050     F2806x_GlobalVariableDefs.obj (AdcRegsFile)

SpibRegsFile 
*          1    00007740    00000010     UNINITIALIZED
                  00007740    00000010     F2806x_GlobalVariableDefs.obj (SpibRegsFile)

ScibRegsFile 
*          1    00007750    00000010     UNINITIALIZED
                  00007750    00000010     F2806x_GlobalVariableDefs.obj (ScibRegsFile)

I2caRegsFile 
*          1    00007900    00000022     UNINITIALIZED
                  00007900    00000022     F2806x_GlobalVariableDefs.obj (I2caRegsFile)

PartIdRegsFile 
*          1    003d7e80    00000001     UNINITIALIZED
                  003d7e80    00000001     F2806x_GlobalVariableDefs.obj (PartIdRegsFile)

CsmPwlFile 
*          1    003f7ff8    00000008     UNINITIALIZED
                  003f7ff8    00000008     F2806x_GlobalVariableDefs.obj (CsmPwlFile)

.text      0    003d8000    0000343c     
                  003d8000    00001642     mcb_pmsm_foc_qep_dyno_f28069m.obj (.text)
                  003d9642    00000661     MW_c2000ISR.obj (.text)
                  003d9ca3    0000039b     F2806x_DefaultIsr.obj (.text:retain)
                  003da03e    00000307     mcb_pmsm_foc_qep_dyno_f28069m.obj (.text:retain)
                  003da345    00000237     F2806x_Adc.obj (.text)
                  003da57c    00000194     DSP28xx_SciUtil.obj (.text)
                  003da710    0000018a     F2806x_SysCtrl.obj (.text)
                  003da89a    00000181     MW_c28xSPI.obj (.text)
                  003daa1b    00000145     MW_c28xGPIO.obj (.text)
                  003dab60    000000d3     ert_main.obj (.text)
                  003dac33    000000cc     MW_SPI.obj (.text)
                  003dacff    000000c7     MW_c28xx_adc.obj (.text)
                  003dadc6    00000092     rt_nonfinite.obj (.text)
                  003dae58    00000076     F2806x_CpuTimers.obj (.text)
                  003daece    00000075     MW_c28xx_qep.obj (.text)
                  003daf43    00000059     rts2800_fpu32.lib : s_floorf.c.obj (.text)
                  003daf9c    00000056                       : boot28.asm.obj (.text)
                  003daff2    00000054     MW_c28xx_csl.obj (.text)
                  003db046    0000004f     rts2800_fpu32_fast_supplement.lib : atan2_f32.obj (.text)
                  003db095    0000004e     c2806xSchedulerTimer0.obj (.text)
                  003db0e3    0000004a     c2806xSchedulerTimer0.obj (.text:retain)
                  003db12d    0000004a     rts2800_fpu32_fast_supplement.lib : atan_f32.obj (.text)
                  003db177    00000044     rtGetInf.obj (.text)
                  003db1bb    00000043     MW_c28xx_board.obj (.text)
                  003db1fe    00000043     MW_c28xx_pwm.obj (.text)
                  003db241    00000034     c2806xBoard_Realtime_Support.obj (.text)
                  003db275    00000034     rts2800_fpu32_fast_supplement.lib : cos_f32.obj (.text)
                  003db2a9    00000034                                       : sin_f32.obj (.text)
                  003db2dd    0000002a     rtGetNaN.obj (.text)
                  003db307    00000029     rts2800_fpu32.lib : exit.c.obj (.text)
                  003db330    00000028     F2806x_PieCtrl.obj (.text)
                  003db358    00000026     F2806x_PieVect.obj (.text)
                  003db37e    00000024     rts2800_fpu32.lib : cpy_tbl.c.obj (.text)
                  003db3a2    00000021     rts2800_fpu32_fast_supplement.lib : sqrt_f32.obj (.text)
                  003db3c3    0000001d     rts2800_fpu32.lib : memcpy.c.obj (.text)
                  003db3e0    00000019     rts2800_fpu32_fast_supplement.lib : div_f32.obj (.text)
                  003db3f9    00000014     MW_c28xGlobalInterrupts.obj (.text)
                  003db40d    00000012     rts2800_fpu32.lib : args_main.c.obj (.text)
                  003db41f    00000009                       : _lock.c.obj (.text)
                  003db428    00000008     F2806x_CodeStartBranch.obj (.text)
                  003db430    00000007     rts2800_fpu32.lib : memset.c.obj (.text)
                  003db437    00000002     blapp_support.obj (.text)
                  003db439    00000002     rts2800_fpu32.lib : pre_init.c.obj (.text)
                  003db43b    00000001                       : startup.c.obj (.text)

.switch    0    003dce98    0000001e     
                  003dce98    0000001e     mcb_pmsm_foc_qep_dyno_f28069m.obj (.switch:_mcb_pmsm_FOCAlgorithmMotor1)

.bss       1    0000e000    00000000     UNINITIALIZED

.ebss      1    0000e000    0000073b     UNINITIALIZED
                  0000e000    000006e2     mcb_pmsm_foc_qep_dyno_f28069m.obj (.ebss)
                  0000e6e2    00000018     F2806x_CpuTimers.obj (.ebss)
                  0000e6fa    00000006     rts2800_fpu32.lib : exit.c.obj (.ebss)
                  0000e700    00000018     MW_c28xSPI.obj (.ebss:_mySpi)
                  0000e718    0000000c     rt_nonfinite.obj (.ebss)
                  0000e724    00000004     DSP28xx_SciUtil.obj (.ebss)
                  0000e728    00000004     MW_c28xSPI.obj (.ebss:_SPI_oneTimeInit)
                  0000e72c    00000003     ert_main.obj (.ebss:_isRateRunning)
                  0000e72f    00000003     ert_main.obj (.ebss:_need2runFlags)
                  0000e732    00000003     ert_main.obj (.ebss)
                  0000e735    00000001     MW_c28xGPIO.obj (.ebss)
                  0000e736    00000002     rts2800_fpu32.lib : _lock.c.obj (.ebss:__lock)
                  0000e738    00000002                       : _lock.c.obj (.ebss:__unlock)
                  0000e73a    00000001     MW_c28xGlobalInterrupts.obj (.ebss)

.cinit     0    003dce5a    0000003d     
                  003dce5a    0000000e     rts2800_fpu32.lib : exit.c.obj (.cinit)
                  003dce68    00000007     MW_c28xSPI.obj (.cinit:_SPI_oneTimeInit)
                  003dce6f    00000006     ert_main.obj (.cinit:_isRateRunning)
                  003dce75    00000006     ert_main.obj (.cinit:_need2runFlags)
                  003dce7b    00000005     rts2800_fpu32.lib : _lock.c.obj (.cinit:__lock)
                  003dce80    00000005                       : _lock.c.obj (.cinit:__unlock)
                  003dce85    00000004     MW_c28xGPIO.obj (.cinit)
                  003dce89    00000004     MW_c28xGlobalInterrupts.obj (.cinit)
                  003dce8d    00000004     ert_main.obj (.cinit)
                  003dce91    00000004     mcb_pmsm_foc_qep_dyno_f28069m.obj (.cinit)
                  003dce95    00000002     --HOLE-- [fill = 0]

.pinit     0    003d8000    00000000     UNINITIALIZED

.econst    0    003dc524    00000936     
                  003dc524    000007d4     mcb_pmsm_foc_qep_dyno_f28069m_data.obj (.econst:_mcb_pmsm_foc_qep_dyno_f2_ConstP)
                  003dccf8    00000100     F2806x_PieVect.obj (.econst:_PieVectTableInit)
                  003dcdf8    0000005c     mcb_pmsm_foc_qep_dyno_f28069m_data.obj (.econst:_mcb_pmsm_foc_qep_dyno_f2_ConstB)
                  003dce54    00000002     rtGetNaN.obj (.econst:_$P$T0$1)
                  003dce56    00000002     mcb_pmsm_foc_qep_dyno_f28069m.obj (.econst)
                  003dce58    00000002     rts2800_fpu32.lib : s_floorf.c.obj (.econst)

.reset     0    003fffc0    00000002     DSECT
                  003fffc0    00000002     rts2800_fpu32.lib : boot28.asm.obj (.reset)

.data      1    0000e000    00000000     UNINITIALIZED

.stack     1    00000002    00000400     UNINITIALIZED
                  00000002    00000400     --HOLE--

codestart 
*          0    003f7ff6    00000002     
                  003f7ff6    00000002     F2806x_CodeStartBranch.obj (codestart)

ramfuncs   0    003db43c    000010e7     RUN ADDR = 00008000
                  003db43c    000010c8     mcb_pmsm_foc_qep_dyno_f28069m.obj (ramfuncs)
                  003dc504    0000001b     F2806x_SysCtrl.obj (ramfuncs)
                  003dc51f    00000004     F2806x_usDelay.obj (ramfuncs)

FPUmathTables 
*          0    003fd590    000006a0     NOLOAD SECTION
                  003fd590    000006a0     rts2800_fpu32_fast_supplement.lib : FPUmathTables.obj (FPUmathTables)

MODULE SUMMARY

       Module                                   code    initialized data   uninitialized data
       ------                                   ----    ----------------   ------------------
    <current directory>
       mcb_pmsm_foc_qep_dyno_f28069m.obj        15065   36                 1762              
       F2806x_GlobalVariableDefs.obj            0       0                  3550              
       mcb_pmsm_foc_qep_dyno_f28069m_data.obj   0       2096               0                 
       MW_c2000ISR.obj                          1633    0                  0                 
       F2806x_DefaultIsr.obj                    923     0                  0                 
       F2806x_Adc.obj                           567     0                  0                 
       F2806x_SysCtrl.obj                       448     0                  0                 
       MW_c28xSPI.obj                           385     7                  28                
       DSP28xx_SciUtil.obj                      404     0                  4                 
       MW_c28xGPIO.obj                          325     4                  1                 
       F2806x_PieVect.obj                       38      256                0                 
       ert_main.obj                             211     16                 9                 
       MW_SPI.obj                               204     0                  0                 
       MW_c28xx_adc.obj                         199     0                  0                 
       rt_nonfinite.obj                         146     0                  12                
       c2806xSchedulerTimer0.obj                152     0                  0                 
       F2806x_CpuTimers.obj                     118     0                  24                
       MW_c28xx_qep.obj                         117     0                  0                 
       MW_c28xx_csl.obj                         84      0                  0                 
       rtGetInf.obj                             68      0                  0                 
       MW_c28xx_board.obj                       67      0                  0                 
       MW_c28xx_pwm.obj                         67      0                  0                 
       c2806xBoard_Realtime_Support.obj         52      0                  0                 
       rtGetNaN.obj                             42      2                  0                 
       F2806x_PieCtrl.obj                       40      0                  0                 
       MW_c28xGlobalInterrupts.obj              20      4                  1                 
       F2806x_CodeStartBranch.obj               10      0                  0                 
       F2806x_usDelay.obj                       8       0                  0                 
       blapp_support.obj                        2       0                  0                 
    +--+----------------------------------------+-------+------------------+--------------------+
       Total:                                   21395   2421               5391              
                                                                                             
    C:/ProgramData/MATLAB/tic2000/3P.instrset/tic28xcodegentools.instrset/ti-cgt-c2000_22.6.0.LTS/lib/rts2800_fpu32.lib
       s_floorf.c.obj                           89      2                  0                 
       boot28.asm.obj                           86      0                  0                 
       exit.c.obj                               41      14                 6                 
       cpy_tbl.c.obj                            36      0                  0                 
       memcpy.c.obj                             29      0                  0                 
       _lock.c.obj                              9       10                 4                 
       args_main.c.obj                          18      0                  0                 
       memset.c.obj                             7       0                  0                 
       pre_init.c.obj                           2       0                  0                 
       startup.c.obj                            1       0                  0                 
    +--+----------------------------------------+-------+------------------+--------------------+
       Total:                                   318     26                 10                
                                                                                             
    D:/TiC2000_Install/ControlSUITE/controlSUITE/libs/math/FPUfastRTS/V100/lib/rts2800_fpu32_fast_supplement.lib
       FPUmathTables.obj                        0       1696               0                 
       atan2_f32.obj                            79      0                  0                 
       atan_f32.obj                             74      0                  0                 
       cos_f32.obj                              52      0                  0                 
       sin_f32.obj                              52      0                  0                 
       sqrt_f32.obj                             33      0                  0                 
       div_f32.obj                              25      0                  0                 
    +--+----------------------------------------+-------+------------------+--------------------+
       Total:                                   315     1696               0                 
                                                                                             
       Stack:                                   0       0                  1024              
    +--+----------------------------------------+-------+------------------+--------------------+
       Grand Total:                             22028   4143               6425              


GLOBAL DATA SYMBOLS: SORTED BY DATA PAGE

address     data page           name
--------    ----------------    ----
00000002       0 (00000000)     __stack

00000880      22 (00000880)     _DevEmuRegs

00000985      26 (00000980)     _SysPwrCtrlRegs

00000a80      2a (00000a80)     _FlashRegs

00000ae0      2b (00000ac0)     _CsmRegs

00000b00      2c (00000b00)     _AdcResult

00000c00      30 (00000c00)     _CpuTimer0Regs
00000c08      30 (00000c00)     _CpuTimer1Regs
00000c10      30 (00000c00)     _CpuTimer2Regs

00000ce0      33 (00000cc0)     _PieCtrlRegs

00000d00      34 (00000d00)     _EmuKey
00000d00      34 (00000d00)     _PieVectTable
00000d01      34 (00000d00)     _EmuBMode
00000d02      34 (00000d00)     _Flash_CallbackPtr
00000d04      34 (00000d00)     _Flash_CPUScaleFactor

00001000      40 (00001000)     _DmaRegs

00001400      50 (00001400)     _Cla1Regs

00004000     100 (00004000)     _Usb0Regs

00005000     140 (00005000)     _McbspaRegs

00006000     180 (00006000)     _ECanaRegs

00006040     181 (00006040)     _ECanaLAMRegs

00006080     182 (00006080)     _ECanaMOTSRegs

000060c0     183 (000060c0)     _ECanaMOTORegs

00006100     184 (00006100)     _ECanaMboxes

00006400     190 (00006400)     _Comp1Regs
00006420     190 (00006400)     _Comp2Regs

00006440     191 (00006440)     _Comp3Regs

00006800     1a0 (00006800)     _EPwm1Regs

00006840     1a1 (00006840)     _EPwm2Regs

00006880     1a2 (00006880)     _EPwm3Regs

000068c0     1a3 (000068c0)     _EPwm4Regs

00006900     1a4 (00006900)     _EPwm5Regs

00006940     1a5 (00006940)     _EPwm6Regs

00006980     1a6 (00006980)     _EPwm7Regs

000069c0     1a7 (000069c0)     _EPwm8Regs

00006a00     1a8 (00006a00)     _ECap1Regs
00006a20     1a8 (00006a00)     _ECap2Regs

00006a40     1a9 (00006a40)     _ECap3Regs

00006ac0     1ab (00006ac0)     _HRCap1Regs
00006ae0     1ab (00006ac0)     _HRCap2Regs

00006b00     1ac (00006b00)     _EQep1Regs

00006b40     1ad (00006b40)     _EQep2Regs

00006c80     1b2 (00006c80)     _HRCap3Regs
00006ca0     1b2 (00006c80)     _HRCap4Regs

00006f80     1be (00006f80)     _GpioCtrlRegs

00006fc0     1bf (00006fc0)     _GpioDataRegs
00006fe0     1bf (00006fc0)     _GpioIntRegs

00007010     1c0 (00007000)     _SysCtrlRegs

00007040     1c1 (00007040)     _SpiaRegs
00007050     1c1 (00007040)     _SciaRegs
00007060     1c1 (00007040)     _NmiIntruptRegs
00007070     1c1 (00007040)     _XIntruptRegs

00007100     1c4 (00007100)     _AdcRegs

00007740     1dd (00007740)     _SpibRegs
00007750     1dd (00007740)     _ScibRegs

00007900     1e4 (00007900)     _I2caRegs

0000e000     380 (0000e000)     _MW_adcInitFlag

0000e040     381 (0000e040)     _mcb_pmsm_foc_qep_dyno_f28_DWork

0000e1c0     387 (0000e1c0)     _mcb_pmsm_foc_qep_dyno_f28069m_B

0000e6e2     39b (0000e6c0)     _CpuTimer0
0000e6ea     39b (0000e6c0)     _CpuTimer1
0000e6f2     39b (0000e6c0)     _CpuTimer2
0000e6fa     39b (0000e6c0)     ___TI_enable_exit_profile_output
0000e6fc     39b (0000e6c0)     ___TI_cleanup_ptr
0000e6fe     39b (0000e6c0)     ___TI_dtors_ptr

0000e700     39c (0000e700)     _mySpi
0000e718     39c (0000e700)     _rtInf
0000e71a     39c (0000e700)     _rtMinusInf
0000e71c     39c (0000e700)     _rtNaN
0000e71e     39c (0000e700)     _rtInfF
0000e720     39c (0000e700)     _rtMinusInfF
0000e722     39c (0000e700)     _rtNaNF
0000e724     39c (0000e700)     _checkSCITransmitInProgressA
0000e725     39c (0000e700)     _frameA1Transmitted
0000e726     39c (0000e700)     _frameA1Count
0000e728     39c (0000e700)     _SPI_oneTimeInit
0000e72c     39c (0000e700)     _isRateRunning
0000e72f     39c (0000e700)     _need2runFlags
0000e732     39c (0000e700)     _IsrOverrun
0000e733     39c (0000e700)     _stopRequested
0000e734     39c (0000e700)     _runModel
0000e735     39c (0000e700)     _GPIO_oneTimeInit
0000e736     39c (0000e700)     __lock
0000e738     39c (0000e700)     __unlock
0000e73a     39c (0000e700)     _MW_InterruptDisableLock

003d7e80    f5fa (003d7e80)     _PartIdRegs

003dc524    f714 (003dc500)     _mcb_pmsm_foc_qep_dyno_f2_ConstP

003dccf8    f733 (003dccc0)     _PieVectTableInit

003dcdf8    f737 (003dcdc0)     _mcb_pmsm_foc_qep_dyno_f2_ConstB

003dce56    f739 (003dce40)     _mcb_pmsm_foc_qep_dyno_f28069_M

003f7ff8    fdff (003f7fc0)     _CsmPwl

003fd590    ff56 (003fd580)     _FPUsinTable

003fd690    ff5a (003fd680)     _FPUcosTable

003fd990    ff66 (003fd980)     _FPUsinTableEnd

003fda92    ff6a (003fda80)     _FPUatan2HalfPITable
003fda92    ff6a (003fda80)     _FPUcosTableEnd
003fda96    ff6a (003fda80)     _FPUatan2Table

003fdc1c    ff70 (003fdc00)     _FPUatan2TableEnd


GLOBAL SYMBOLS: SORTED ALPHABETICALLY BY Name 

page  address   name                                                   
----  -------   ----                                                   
1     0000e000  .bss                                                   
1     0000e000  .data                                                  
0     003d8000  .text                                                  
0     003db307  C$$EXIT                                                
0     003db3e0  FS$$DIV                                                
0     003da03e  _ADCINT1                                               
0     003d9d61  _ADCINT1_ISR                                           
0     003da131  _ADCINT2                                               
0     003d9d6b  _ADCINT2_ISR                                           
0     003d9f73  _ADCINT3_ISR                                           
0     003d9f7d  _ADCINT4_ISR                                           
0     003d9f87  _ADCINT5_ISR                                           
0     003d9f91  _ADCINT6_ISR                                           
0     003d9f9b  _ADCINT7_ISR                                           
0     003d9fa5  _ADCINT8_ISR                                           
0     003d9d89  _ADCINT9_ISR                                           
0     003da3b7  _AdcChanSelect                                         
0     003da42c  _AdcConversion                                         
0     003da390  _AdcOffsetSelfCal                                      
1     00007100  _AdcRegs                                               
1     00000b00  _AdcResult                                             
0     003d9faf  _CLA1_INT1_ISR                                         
0     003d9fb9  _CLA1_INT2_ISR                                         
0     003d9fc3  _CLA1_INT3_ISR                                         
0     003d9fcd  _CLA1_INT4_ISR                                         
0     003d9fd7  _CLA1_INT5_ISR                                         
0     003d9fe1  _CLA1_INT6_ISR                                         
0     003d9feb  _CLA1_INT7_ISR                                         
0     003d9ff5  _CLA1_INT8_ISR                                         
1     00001400  _Cla1Regs                                              
1     00006400  _Comp1Regs                                             
1     00006420  _Comp2Regs                                             
1     00006440  _Comp3Regs                                             
0     003dae93  _ConfigCpuTimer                                        
1     0000e6e2  _CpuTimer0                                             
1     00000c00  _CpuTimer0Regs                                         
1     0000e6ea  _CpuTimer1                                             
1     00000c08  _CpuTimer1Regs                                         
1     0000e6f2  _CpuTimer2                                             
1     00000c10  _CpuTimer2Regs                                         
1     003f7ff8  _CsmPwl                                                
1     00000ae0  _CsmRegs                                               
0     003da814  _CsmUnlock                                             
0     003d9cb7  _DATALOG_ISR                                           
0     003d9ee7  _DINTCH1_ISR                                           
0     003d9ef1  _DINTCH2_ISR                                           
0     003d9efb  _DINTCH3_ISR                                           
0     003d9f05  _DINTCH4_ISR                                           
0     003d9f0f  _DINTCH5_ISR                                           
0     003d9f19  _DINTCH6_ISR                                           
0     000090e3  _DSP28x_usDelay                                        
1     00000880  _DevEmuRegs                                            
0     003da734  _DisableDog                                            
1     00001000  _DmaRegs                                               
0     003d9f5f  _ECAN0INTA_ISR                                         
0     003d9f69  _ECAN1INTA_ISR                                         
0     003d9e47  _ECAP1_INT_ISR                                         
0     003d9e51  _ECAP2_INT_ISR                                         
0     003d9e5b  _ECAP3_INT_ISR                                         
1     00006040  _ECanaLAMRegs                                          
1     000060c0  _ECanaMOTORegs                                         
1     00006080  _ECanaMOTSRegs                                         
1     00006100  _ECanaMboxes                                           
1     00006000  _ECanaRegs                                             
1     00006a00  _ECap1Regs                                             
1     00006a20  _ECap2Regs                                             
1     00006a40  _ECap3Regs                                             
0     003da01d  _EMPTY_ISR                                             
0     003d9ccb  _EMUINT_ISR                                            
0     003d9df7  _EPWM1_INT_ISR                                         
0     003d9da7  _EPWM1_TZINT_ISR                                       
0     003d9e01  _EPWM2_INT_ISR                                         
0     003d9db1  _EPWM2_TZINT_ISR                                       
0     003d9e0b  _EPWM3_INT_ISR                                         
0     003d9dbb  _EPWM3_TZINT_ISR                                       
0     003d9e15  _EPWM4_INT_ISR                                         
0     003d9dc5  _EPWM4_TZINT_ISR                                       
0     003d9e1f  _EPWM5_INT_ISR                                         
0     003d9dcf  _EPWM5_TZINT_ISR                                       
0     003d9e29  _EPWM6_INT_ISR                                         
0     003d9dd9  _EPWM6_TZINT_ISR                                       
0     003d9e33  _EPWM7_INT_ISR                                         
0     003d9de3  _EPWM7_TZINT_ISR                                       
0     003d9e3d  _EPWM8_INT_ISR                                         
0     003d9ded  _EPWM8_TZINT_ISR                                       
1     00006800  _EPwm1Regs                                             
1     00006840  _EPwm2Regs                                             
1     00006880  _EPwm3Regs                                             
1     000068c0  _EPwm4Regs                                             
1     00006900  _EPwm5Regs                                             
1     00006940  _EPwm6Regs                                             
1     00006980  _EPwm7Regs                                             
1     000069c0  _EPwm8Regs                                             
0     003d9e79  _EQEP1_INT_ISR                                         
0     003d9e83  _EQEP2_INT_ISR                                         
1     00006b00  _EQep1Regs                                             
1     00006b40  _EQep2Regs                                             
1     00000d01  _EmuBMode                                              
1     00000d00  _EmuKey                                                
0     003db34f  _EnableInterrupts                                      
0     003da884  _ExtOscSel                                             
0     00008000  _FOCAlgorithmMotor1_Disable                            
0     00008a4d  _FOCAlgorithmMotor2_Disable                            
0     003fda92  _FPUatan2HalfPITable                                   
0     003fda96  _FPUatan2Table                                         
0     003fdc1c  _FPUatan2TableEnd                                      
0     003fd690  _FPUcosTable                                           
0     003fda92  _FPUcosTableEnd                                        
0     003fd590  _FPUsinTable                                           
0     003fd990  _FPUsinTableEnd                                        
1     00000a80  _FlashRegs                                             
1     00000d04  _Flash_CPUScaleFactor                                  
1     00000d02  _Flash_CallbackPtr                                     
0     003dab06  _GPIO_ReadPin                                          
0     003daa53  _GPIO_SetupPinMux                                      
0     003daa91  _GPIO_SetupPinOptions                                  
0     003dab3b  _GPIO_TogglePin                                        
0     003dab1d  _GPIO_WritePin                                         
1     0000e735  _GPIO_oneTimeInit                                      
1     00006f80  _GpioCtrlRegs                                          
1     00006fc0  _GpioDataRegs                                          
1     00006fe0  _GpioIntRegs                                           
0     003d9e65  _HRCAP1_INT_ISR                                        
0     003d9e6f  _HRCAP2_INT_ISR                                        
0     003d9e8d  _HRCAP3_INT_ISR                                        
0     003d9e97  _HRCAP4_INT_ISR                                        
1     00006ac0  _HRCap1Regs                                            
1     00006ae0  _HRCap2Regs                                            
1     00006c80  _HRCap3Regs                                            
1     00006ca0  _HRCap4Regs                                            
0     003d9c86  _HWI_TIC28x_AcknowledgeIrq                             
0     003d9642  _HWI_TIC28x_ConfigureIRQ                               
0     003d988d  _HWI_TIC28x_DisableIRQ                                 
0     003d9654  _HWI_TIC28x_EnableIRQ                                  
0     003d9add  _HWI_TIC28x_EnablePendingIRQ                           
0     003d9f23  _I2CINT1A_ISR                                          
0     003d9f2d  _I2CINT2A_ISR                                          
1     00007900  _I2caRegs                                              
0     003d9cdf  _ILLEGAL_ISR                                           
0     003d9ca3  _INT13_ISR                                             
0     003d9cad  _INT14_ISR                                             
0     003da345  _InitAdc                                               
0     003da36e  _InitAdcAio                                            
0     003dae58  _InitCpuTimers                                         
0     000090c8  _InitFlash                                             
0     003daa26  _InitGpio                                              
0     003da7be  _InitPeripheralClocks                                  
0     003db330  _InitPieCtrl                                           
0     003db358  _InitPieVectTable                                      
0     003da73c  _InitPll                                               
0     003da790  _InitPll2                                              
0     003da710  _InitSysCtrl                                           
0     003da845  _IntOsc1Sel                                            
0     003da855  _IntOsc2Sel                                            
1     0000e732  _IsrOverrun                                            
0     003da013  _LUF_ISR                                               
0     003da009  _LVF_ISR                                               
0     003d9ed3  _MRINTA_ISR                                            
1     0000e73a  _MW_InterruptDisableLock                               
0     003dacfa  _MW_SPI_Close                                          
0     003dacf5  _MW_SPI_GetStatus                                      
0     003daca5  _MW_SPI_MasterWriteRead_8bits                          
0     003dac33  _MW_SPI_Open                                           
0     003dac98  _MW_SPI_SetBusSpeed                                    
0     003dac49  _MW_SPI_SetFormat                                      
0     003dac9e  _MW_SPI_SetSlaveSelect                                 
0     003dacee  _MW_SPI_SlaveWriteRead_8bits                           
1     0000e000  _MW_adcInitFlag                                        
0     003d9edd  _MXINTA_ISR                                            
1     00005000  _McbspaRegs                                            
0     003d9cd5  _NMI_ISR                                               
1     00007060  _NmiIntruptRegs                                        
0     003daa1b  _OneTimeGpioInit                                       
0     003da02a  _PIE_RESERVED                                          
1     003d7e80  _PartIdRegs                                            
1     00000ce0  _PieCtrlRegs                                           
1     00000d00  _PieVectTable                                          
0     003dccf8  _PieVectTableInit                                      
0     003d9cc1  _RTOSINT_ISR                                           
0     003dc523  _RamfuncsLoadEnd                                       
0     003db43c  _RamfuncsLoadStart                                     
0     00008000  _RamfuncsRunStart                                      
0     003da253  _SCIRXINTA                                             
0     003d9f37  _SCIRXINTA_ISR                                         
0     003d9f4b  _SCIRXINTB_ISR                                         
0     003d9f41  _SCITXINTA_ISR                                         
0     003d9f55  _SCITXINTB_ISR                                         
0     003d9eab  _SPIRXINTA_ISR                                         
0     003d9ebf  _SPIRXINTB_ISR                                         
0     003d9eb5  _SPITXINTA_ISR                                         
0     003d9ec9  _SPITXINTB_ISR                                         
0     003da9b6  _SPI_clockFormat                                       
0     003da89a  _SPI_init                                              
1     0000e728  _SPI_oneTimeInit                                       
0     003da9d1  _SPI_status                                            
1     00007050  _SciaRegs                                              
1     00007750  _ScibRegs                                              
0     003da72a  _ServiceDog                                            
0     003dab52  _Set_GPIOPin                                           
1     00007040  _SpiaRegs                                              
1     00007740  _SpibRegs                                              
1     00007010  _SysCtrlRegs                                           
1     00000985  _SysPwrCtrlRegs                                        
0     003d9d93  _TINT0_ISR                                             
0     003db0e3  _TINT0_isr                                             
0     003d9ea1  _USB0_INT_ISR                                          
0     003d9d43  _USER10_ISR                                            
0     003d9d4d  _USER11_ISR                                            
0     003d9d57  _USER12_ISR                                            
0     003d9ce9  _USER1_ISR                                             
0     003d9cf3  _USER2_ISR                                             
0     003d9cfd  _USER3_ISR                                             
0     003d9d07  _USER4_ISR                                             
0     003d9d11  _USER5_ISR                                             
0     003d9d1b  _USER6_ISR                                             
0     003d9d25  _USER7_ISR                                             
0     003d9d2f  _USER8_ISR                                             
0     003d9d39  _USER9_ISR                                             
1     00004000  _Usb0Regs                                              
0     003d9d9d  _WAKEINT_ISR                                           
0     003d9d75  _XINT1_ISR                                             
0     003d9d7f  _XINT2_ISR                                             
0     003d9fff  _XINT3_ISR                                             
1     00007070  _XIntruptRegs                                          
0     003da869  _XtalOscSel                                            
1     00000402  __STACK_END                                            
abs   00000400  __STACK_SIZE                                           
1     0000e6fc  ___TI_cleanup_ptr                                      
1     0000e6fe  ___TI_dtors_ptr                                        
1     0000e6fa  ___TI_enable_exit_profile_output                       
abs   ffffffff  ___TI_pprof_out_hndl                                   
abs   ffffffff  ___TI_prof_data_size                                   
abs   ffffffff  ___TI_prof_data_start                                  
abs   ffffffff  ___binit__                                             
1     0000e000  ___bss__                                               
abs   ffffffff  ___c_args__                                            
0     003dce5a  ___cinit__                                             
1     0000e000  ___data__                                              
1     0000e000  ___edata__                                             
1     0000e000  ___end__                                               
0     003db43c  ___etext__                                             
abs   ffffffff  ___pinit__                                             
0     003d8000  ___text__                                              
0     003db40d  __args_main                                            
1     0000e736  __lock                                                 
0     003db427  __nop                                                  
0     003db423  __register_lock                                        
0     003db41f  __register_unlock                                      
1     00000002  __stack                                                
0     003db43b  __system_post_cinit                                    
0     003db439  __system_pre_init                                      
1     0000e738  __unlock                                               
0     003db307  _abort                                                 
0     003db12d  _atan                                                  
0     003db046  _atan2                                                 
0     003db25d  _atan2f                                                
0     003db256  _atanf                                                 
0     003db437  _bootloaderBackgroundTask                              
0     003db438  _bootloaderInit                                        
0     003db266  _c2000_flash_init                                      
0     003daf9c  _c_int00                                               
1     0000e724  _checkSCITransmitInProgressA                           
0     003dad57  _config_ADC_SOC0_SOC1                                  
0     003dad8d  _config_ADC_SOC2_SOC3                                  
0     003dacff  _config_ADC_SOC4_SOC5                                  
0     003dad2a  _config_ADC_SOC6_SOC7                                  
0     003daece  _config_QEP_eQEP1                                      
0     003daf09  _config_QEP_eQEP2                                      
0     003db240  _config_ePWMSyncSource                                 
0     003db1fe  _config_ePWM_GPIO                                      
0     003db238  _config_ePWM_TBSync                                    
0     003db095  _configureTimer0                                       
0     003db37e  _copy_in                                               
0     003db275  _cos                                                   
0     003db241  _cosf                                                  
0     003db0c2  _disableTimer0Interrupt                                
0     003daff2  _disableWatchdog                                       
0     003db0ba  _enableTimer0Interrupt                                 
0     003db309  _exit                                                  
0     003daf43  _floor                                                 
0     003daf43  _floorf                                                
1     0000e726  _frameA1Count                                          
1     0000e725  _frameA1Transmitted                                    
0     003db405  _globalInterruptDisable                                
0     003db3f9  _globalInterruptEnable                                 
0     003daffd  _init_SCI                                              
0     003da708  _init_SCIFrame                                         
0     003db032  _init_SCI_GPIO                                         
0     003db1bb  _init_board                                            
1     0000e72c  _isRateRunning                                         
0     003dabe2  _main                                                  
0     003d8488  _mc_FOCAlgorithmMotor1_Reset                           
0     003d85c9  _mc_FOCAlgorithmMotor2_Reset                           
0     003d8353  _mcb_FOCAlgorithmMotor1_Init                           
0     003d848c  _mcb_FOCAlgorithmMotor2_Init                           
0     003d8656  _mcb_SPIMasterTransfer2_Init                           
0     003d86a4  _mcb_SPIMasterTransfer2_Term                           
0     003d85ec  _mcb__SPIMasterTransfer_Init                           
0     003d863a  _mcb__SPIMasterTransfer_Term                           
0     003d85cd  _mcb_pm_IfActionSubsystem_gj                           
0     003d8327  _mcb_pms_IfActionSubsystem_g                           
0     003d86c0  _mcb_pms_SpeedLimitformotor2                           
0     0000800e  _mcb_pmsm_FOCAlgorithmMotor1                           
0     00008a51  _mcb_pmsm_FOCAlgorithmMotor2                           
0     003d82e4  _mcb_pmsm_IfActionSubsystem1                           
0     003d867f  _mcb_pmsm_SPIMasterTransfer2                           
0     003d82c6  _mcb_pmsm__IfActionSubsystem                           
0     003d8615  _mcb_pmsm__SPIMasterTransfer                           
0     003d8338  _mcb_pmsm_fo_PositionNoReset                           
0     003d802b  _mcb_pmsm_fo_TwophaseCRLwrap                           
0     003d804e  _mcb_pmsm_foc_DQAxisPriority                           
0     003d825e  _mcb_pmsm_foc_TwoinputsCRL_g                           
0     003d8178  _mcb_pmsm_foc__DQEquivalence                           
0     003d81f4  _mcb_pmsm_foc_q_TwoinputsCRL                           
0     003d8300  _mcb_pmsm_foc_qe_IndexFinder                           
0     003dce56  _mcb_pmsm_foc_qep_dyno_f28069_M                        
1     0000e1c0  _mcb_pmsm_foc_qep_dyno_f28069m_B                       
0     003d8000  _mcb_pmsm_foc_qep_dyno_f28069m_SetEventsForThisBaseStep
0     003d961c  _mcb_pmsm_foc_qep_dyno_f28069m_configure_interrupts    
0     003d8fbb  _mcb_pmsm_foc_qep_dyno_f28069m_initialize              
0     003d8719  _mcb_pmsm_foc_qep_dyno_f28069m_step0                   
0     003d8e05  _mcb_pmsm_foc_qep_dyno_f28069m_step1                   
0     003d8fb6  _mcb_pmsm_foc_qep_dyno_f28069m_step2                   
0     003d960b  _mcb_pmsm_foc_qep_dyno_f28069m_terminate               
0     003d9638  _mcb_pmsm_foc_qep_dyno_f28069m_unconfigure_interrupts  
1     0000e040  _mcb_pmsm_foc_qep_dyno_f28_DWork                       
0     003dcdf8  _mcb_pmsm_foc_qep_dyno_f2_ConstB                       
0     003dc524  _mcb_pmsm_foc_qep_dyno_f2_ConstP                       
0     003db3c3  _memcpy                                                
0     003db430  _memset                                                
1     0000e700  _mySpi                                                 
1     0000e72f  _need2runFlags                                         
0     003db0d8  _restoreTimer0Interrupt                                
0     003da034  _rsvd_ISR                                              
0     003db177  _rtGetInf                                              
0     003db190  _rtGetInfF                                             
0     003db199  _rtGetMinusInf                                         
0     003db1b2  _rtGetMinusInfF                                        
0     003db2dd  _rtGetNaN                                              
0     003db2f6  _rtGetNaNF                                             
1     0000e718  _rtInf                                                 
1     0000e71e  _rtInfF                                                
0     003dadee  _rtIsInf                                               
0     003dae06  _rtIsInfF                                              
0     003dae1e  _rtIsNaN                                               
0     003dae41  _rtIsNaNF                                              
1     0000e71a  _rtMinusInf                                            
1     0000e720  _rtMinusInfF                                           
1     0000e71c  _rtNaN                                                 
1     0000e722  _rtNaNF                                                
0     003dadc6  _rt_InitInfAndNaN                                      
0     003dab60  _rt_OneStep                                            
1     0000e734  _runModel                                              
0     003da5bf  _scia_rcv                                              
0     003da63f  _scia_rcv_varsize                                      
0     003da57c  _scia_xmit                                             
0     003db2a9  _sin                                                   
0     003db248  _sinf                                                  
0     003db3a2  _sqrt                                                  
0     003db24f  _sqrtf                                                 
1     0000e733  _stopRequested                                         
abs   ffffffff  binit                                                  
0     003dce5a  cinit                                                  
0     003f7ff6  code_start                                             
1     0000e000  edata                                                  
1     0000e000  end                                                    
0     003db43c  etext                                                  
abs   ffffffff  pinit                                                  


GLOBAL SYMBOLS: SORTED BY Symbol Address 

page  address   name                                                   
----  -------   ----                                                   
0     00008000  _FOCAlgorithmMotor1_Disable                            
0     00008000  _RamfuncsRunStart                                      
0     0000800e  _mcb_pmsm_FOCAlgorithmMotor1                           
0     00008a4d  _FOCAlgorithmMotor2_Disable                            
0     00008a51  _mcb_pmsm_FOCAlgorithmMotor2                           
0     000090c8  _InitFlash                                             
0     000090e3  _DSP28x_usDelay                                        
0     003d8000  .text                                                  
0     003d8000  ___text__                                              
0     003d8000  _mcb_pmsm_foc_qep_dyno_f28069m_SetEventsForThisBaseStep
0     003d802b  _mcb_pmsm_fo_TwophaseCRLwrap                           
0     003d804e  _mcb_pmsm_foc_DQAxisPriority                           
0     003d8178  _mcb_pmsm_foc__DQEquivalence                           
0     003d81f4  _mcb_pmsm_foc_q_TwoinputsCRL                           
0     003d825e  _mcb_pmsm_foc_TwoinputsCRL_g                           
0     003d82c6  _mcb_pmsm__IfActionSubsystem                           
0     003d82e4  _mcb_pmsm_IfActionSubsystem1                           
0     003d8300  _mcb_pmsm_foc_qe_IndexFinder                           
0     003d8327  _mcb_pms_IfActionSubsystem_g                           
0     003d8338  _mcb_pmsm_fo_PositionNoReset                           
0     003d8353  _mcb_FOCAlgorithmMotor1_Init                           
0     003d8488  _mc_FOCAlgorithmMotor1_Reset                           
0     003d848c  _mcb_FOCAlgorithmMotor2_Init                           
0     003d85c9  _mc_FOCAlgorithmMotor2_Reset                           
0     003d85cd  _mcb_pm_IfActionSubsystem_gj                           
0     003d85ec  _mcb__SPIMasterTransfer_Init                           
0     003d8615  _mcb_pmsm__SPIMasterTransfer                           
0     003d863a  _mcb__SPIMasterTransfer_Term                           
0     003d8656  _mcb_SPIMasterTransfer2_Init                           
0     003d867f  _mcb_pmsm_SPIMasterTransfer2                           
0     003d86a4  _mcb_SPIMasterTransfer2_Term                           
0     003d86c0  _mcb_pms_SpeedLimitformotor2                           
0     003d8719  _mcb_pmsm_foc_qep_dyno_f28069m_step0                   
0     003d8e05  _mcb_pmsm_foc_qep_dyno_f28069m_step1                   
0     003d8fb6  _mcb_pmsm_foc_qep_dyno_f28069m_step2                   
0     003d8fbb  _mcb_pmsm_foc_qep_dyno_f28069m_initialize              
0     003d960b  _mcb_pmsm_foc_qep_dyno_f28069m_terminate               
0     003d961c  _mcb_pmsm_foc_qep_dyno_f28069m_configure_interrupts    
0     003d9638  _mcb_pmsm_foc_qep_dyno_f28069m_unconfigure_interrupts  
0     003d9642  _HWI_TIC28x_ConfigureIRQ                               
0     003d9654  _HWI_TIC28x_EnableIRQ                                  
0     003d988d  _HWI_TIC28x_DisableIRQ                                 
0     003d9add  _HWI_TIC28x_EnablePendingIRQ                           
0     003d9c86  _HWI_TIC28x_AcknowledgeIrq                             
0     003d9ca3  _INT13_ISR                                             
0     003d9cad  _INT14_ISR                                             
0     003d9cb7  _DATALOG_ISR                                           
0     003d9cc1  _RTOSINT_ISR                                           
0     003d9ccb  _EMUINT_ISR                                            
0     003d9cd5  _NMI_ISR                                               
0     003d9cdf  _ILLEGAL_ISR                                           
0     003d9ce9  _USER1_ISR                                             
0     003d9cf3  _USER2_ISR                                             
0     003d9cfd  _USER3_ISR                                             
0     003d9d07  _USER4_ISR                                             
0     003d9d11  _USER5_ISR                                             
0     003d9d1b  _USER6_ISR                                             
0     003d9d25  _USER7_ISR                                             
0     003d9d2f  _USER8_ISR                                             
0     003d9d39  _USER9_ISR                                             
0     003d9d43  _USER10_ISR                                            
0     003d9d4d  _USER11_ISR                                            
0     003d9d57  _USER12_ISR                                            
0     003d9d61  _ADCINT1_ISR                                           
0     003d9d6b  _ADCINT2_ISR                                           
0     003d9d75  _XINT1_ISR                                             
0     003d9d7f  _XINT2_ISR                                             
0     003d9d89  _ADCINT9_ISR                                           
0     003d9d93  _TINT0_ISR                                             
0     003d9d9d  _WAKEINT_ISR                                           
0     003d9da7  _EPWM1_TZINT_ISR                                       
0     003d9db1  _EPWM2_TZINT_ISR                                       
0     003d9dbb  _EPWM3_TZINT_ISR                                       
0     003d9dc5  _EPWM4_TZINT_ISR                                       
0     003d9dcf  _EPWM5_TZINT_ISR                                       
0     003d9dd9  _EPWM6_TZINT_ISR                                       
0     003d9de3  _EPWM7_TZINT_ISR                                       
0     003d9ded  _EPWM8_TZINT_ISR                                       
0     003d9df7  _EPWM1_INT_ISR                                         
0     003d9e01  _EPWM2_INT_ISR                                         
0     003d9e0b  _EPWM3_INT_ISR                                         
0     003d9e15  _EPWM4_INT_ISR                                         
0     003d9e1f  _EPWM5_INT_ISR                                         
0     003d9e29  _EPWM6_INT_ISR                                         
0     003d9e33  _EPWM7_INT_ISR                                         
0     003d9e3d  _EPWM8_INT_ISR                                         
0     003d9e47  _ECAP1_INT_ISR                                         
0     003d9e51  _ECAP2_INT_ISR                                         
0     003d9e5b  _ECAP3_INT_ISR                                         
0     003d9e65  _HRCAP1_INT_ISR                                        
0     003d9e6f  _HRCAP2_INT_ISR                                        
0     003d9e79  _EQEP1_INT_ISR                                         
0     003d9e83  _EQEP2_INT_ISR                                         
0     003d9e8d  _HRCAP3_INT_ISR                                        
0     003d9e97  _HRCAP4_INT_ISR                                        
0     003d9ea1  _USB0_INT_ISR                                          
0     003d9eab  _SPIRXINTA_ISR                                         
0     003d9eb5  _SPITXINTA_ISR                                         
0     003d9ebf  _SPIRXINTB_ISR                                         
0     003d9ec9  _SPITXINTB_ISR                                         
0     003d9ed3  _MRINTA_ISR                                            
0     003d9edd  _MXINTA_ISR                                            
0     003d9ee7  _DINTCH1_ISR                                           
0     003d9ef1  _DINTCH2_ISR                                           
0     003d9efb  _DINTCH3_ISR                                           
0     003d9f05  _DINTCH4_ISR                                           
0     003d9f0f  _DINTCH5_ISR                                           
0     003d9f19  _DINTCH6_ISR                                           
0     003d9f23  _I2CINT1A_ISR                                          
0     003d9f2d  _I2CINT2A_ISR                                          
0     003d9f37  _SCIRXINTA_ISR                                         
0     003d9f41  _SCITXINTA_ISR                                         
0     003d9f4b  _SCIRXINTB_ISR                                         
0     003d9f55  _SCITXINTB_ISR                                         
0     003d9f5f  _ECAN0INTA_ISR                                         
0     003d9f69  _ECAN1INTA_ISR                                         
0     003d9f73  _ADCINT3_ISR                                           
0     003d9f7d  _ADCINT4_ISR                                           
0     003d9f87  _ADCINT5_ISR                                           
0     003d9f91  _ADCINT6_ISR                                           
0     003d9f9b  _ADCINT7_ISR                                           
0     003d9fa5  _ADCINT8_ISR                                           
0     003d9faf  _CLA1_INT1_ISR                                         
0     003d9fb9  _CLA1_INT2_ISR                                         
0     003d9fc3  _CLA1_INT3_ISR                                         
0     003d9fcd  _CLA1_INT4_ISR                                         
0     003d9fd7  _CLA1_INT5_ISR                                         
0     003d9fe1  _CLA1_INT6_ISR                                         
0     003d9feb  _CLA1_INT7_ISR                                         
0     003d9ff5  _CLA1_INT8_ISR                                         
0     003d9fff  _XINT3_ISR                                             
0     003da009  _LVF_ISR                                               
0     003da013  _LUF_ISR                                               
0     003da01d  _EMPTY_ISR                                             
0     003da02a  _PIE_RESERVED                                          
0     003da034  _rsvd_ISR                                              
0     003da03e  _ADCINT1                                               
0     003da131  _ADCINT2                                               
0     003da253  _SCIRXINTA                                             
0     003da345  _InitAdc                                               
0     003da36e  _InitAdcAio                                            
0     003da390  _AdcOffsetSelfCal                                      
0     003da3b7  _AdcChanSelect                                         
0     003da42c  _AdcConversion                                         
0     003da57c  _scia_xmit                                             
0     003da5bf  _scia_rcv                                              
0     003da63f  _scia_rcv_varsize                                      
0     003da708  _init_SCIFrame                                         
0     003da710  _InitSysCtrl                                           
0     003da72a  _ServiceDog                                            
0     003da734  _DisableDog                                            
0     003da73c  _InitPll                                               
0     003da790  _InitPll2                                              
0     003da7be  _InitPeripheralClocks                                  
0     003da814  _CsmUnlock                                             
0     003da845  _IntOsc1Sel                                            
0     003da855  _IntOsc2Sel                                            
0     003da869  _XtalOscSel                                            
0     003da884  _ExtOscSel                                             
0     003da89a  _SPI_init                                              
0     003da9b6  _SPI_clockFormat                                       
0     003da9d1  _SPI_status                                            
0     003daa1b  _OneTimeGpioInit                                       
0     003daa26  _InitGpio                                              
0     003daa53  _GPIO_SetupPinMux                                      
0     003daa91  _GPIO_SetupPinOptions                                  
0     003dab06  _GPIO_ReadPin                                          
0     003dab1d  _GPIO_WritePin                                         
0     003dab3b  _GPIO_TogglePin                                        
0     003dab52  _Set_GPIOPin                                           
0     003dab60  _rt_OneStep                                            
0     003dabe2  _main                                                  
0     003dac33  _MW_SPI_Open                                           
0     003dac49  _MW_SPI_SetFormat                                      
0     003dac98  _MW_SPI_SetBusSpeed                                    
0     003dac9e  _MW_SPI_SetSlaveSelect                                 
0     003daca5  _MW_SPI_MasterWriteRead_8bits                          
0     003dacee  _MW_SPI_SlaveWriteRead_8bits                           
0     003dacf5  _MW_SPI_GetStatus                                      
0     003dacfa  _MW_SPI_Close                                          
0     003dacff  _config_ADC_SOC4_SOC5                                  
0     003dad2a  _config_ADC_SOC6_SOC7                                  
0     003dad57  _config_ADC_SOC0_SOC1                                  
0     003dad8d  _config_ADC_SOC2_SOC3                                  
0     003dadc6  _rt_InitInfAndNaN                                      
0     003dadee  _rtIsInf                                               
0     003dae06  _rtIsInfF                                              
0     003dae1e  _rtIsNaN                                               
0     003dae41  _rtIsNaNF                                              
0     003dae58  _InitCpuTimers                                         
0     003dae93  _ConfigCpuTimer                                        
0     003daece  _config_QEP_eQEP1                                      
0     003daf09  _config_QEP_eQEP2                                      
0     003daf43  _floor                                                 
0     003daf43  _floorf                                                
0     003daf9c  _c_int00                                               
0     003daff2  _disableWatchdog                                       
0     003daffd  _init_SCI                                              
0     003db032  _init_SCI_GPIO                                         
0     003db046  _atan2                                                 
0     003db095  _configureTimer0                                       
0     003db0ba  _enableTimer0Interrupt                                 
0     003db0c2  _disableTimer0Interrupt                                
0     003db0d8  _restoreTimer0Interrupt                                
0     003db0e3  _TINT0_isr                                             
0     003db12d  _atan                                                  
0     003db177  _rtGetInf                                              
0     003db190  _rtGetInfF                                             
0     003db199  _rtGetMinusInf                                         
0     003db1b2  _rtGetMinusInfF                                        
0     003db1bb  _init_board                                            
0     003db1fe  _config_ePWM_GPIO                                      
0     003db238  _config_ePWM_TBSync                                    
0     003db240  _config_ePWMSyncSource                                 
0     003db241  _cosf                                                  
0     003db248  _sinf                                                  
0     003db24f  _sqrtf                                                 
0     003db256  _atanf                                                 
0     003db25d  _atan2f                                                
0     003db266  _c2000_flash_init                                      
0     003db275  _cos                                                   
0     003db2a9  _sin                                                   
0     003db2dd  _rtGetNaN                                              
0     003db2f6  _rtGetNaNF                                             
0     003db307  C$$EXIT                                                
0     003db307  _abort                                                 
0     003db309  _exit                                                  
0     003db330  _InitPieCtrl                                           
0     003db34f  _EnableInterrupts                                      
0     003db358  _InitPieVectTable                                      
0     003db37e  _copy_in                                               
0     003db3a2  _sqrt                                                  
0     003db3c3  _memcpy                                                
0     003db3e0  FS$$DIV                                                
0     003db3f9  _globalInterruptEnable                                 
0     003db405  _globalInterruptDisable                                
0     003db40d  __args_main                                            
0     003db41f  __register_unlock                                      
0     003db423  __register_lock                                        
0     003db427  __nop                                                  
0     003db430  _memset                                                
0     003db437  _bootloaderBackgroundTask                              
0     003db438  _bootloaderInit                                        
0     003db439  __system_pre_init                                      
0     003db43b  __system_post_cinit                                    
0     003db43c  _RamfuncsLoadStart                                     
0     003db43c  ___etext__                                             
0     003db43c  etext                                                  
0     003dc523  _RamfuncsLoadEnd                                       
0     003dc524  _mcb_pmsm_foc_qep_dyno_f2_ConstP                       
0     003dccf8  _PieVectTableInit                                      
0     003dcdf8  _mcb_pmsm_foc_qep_dyno_f2_ConstB                       
0     003dce56  _mcb_pmsm_foc_qep_dyno_f28069_M                        
0     003dce5a  ___cinit__                                             
0     003dce5a  cinit                                                  
0     003f7ff6  code_start                                             
0     003fd590  _FPUsinTable                                           
0     003fd690  _FPUcosTable                                           
0     003fd990  _FPUsinTableEnd                                        
0     003fda92  _FPUatan2HalfPITable                                   
0     003fda92  _FPUcosTableEnd                                        
0     003fda96  _FPUatan2Table                                         
0     003fdc1c  _FPUatan2TableEnd                                      
1     00000002  __stack                                                
1     00000402  __STACK_END                                            
1     00000880  _DevEmuRegs                                            
1     00000985  _SysPwrCtrlRegs                                        
1     00000a80  _FlashRegs                                             
1     00000ae0  _CsmRegs                                               
1     00000b00  _AdcResult                                             
1     00000c00  _CpuTimer0Regs                                         
1     00000c08  _CpuTimer1Regs                                         
1     00000c10  _CpuTimer2Regs                                         
1     00000ce0  _PieCtrlRegs                                           
1     00000d00  _EmuKey                                                
1     00000d00  _PieVectTable                                          
1     00000d01  _EmuBMode                                              
1     00000d02  _Flash_CallbackPtr                                     
1     00000d04  _Flash_CPUScaleFactor                                  
1     00001000  _DmaRegs                                               
1     00001400  _Cla1Regs                                              
1     00004000  _Usb0Regs                                              
1     00005000  _McbspaRegs                                            
1     00006000  _ECanaRegs                                             
1     00006040  _ECanaLAMRegs                                          
1     00006080  _ECanaMOTSRegs                                         
1     000060c0  _ECanaMOTORegs                                         
1     00006100  _ECanaMboxes                                           
1     00006400  _Comp1Regs                                             
1     00006420  _Comp2Regs                                             
1     00006440  _Comp3Regs                                             
1     00006800  _EPwm1Regs                                             
1     00006840  _EPwm2Regs                                             
1     00006880  _EPwm3Regs                                             
1     000068c0  _EPwm4Regs                                             
1     00006900  _EPwm5Regs                                             
1     00006940  _EPwm6Regs                                             
1     00006980  _EPwm7Regs                                             
1     000069c0  _EPwm8Regs                                             
1     00006a00  _ECap1Regs                                             
1     00006a20  _ECap2Regs                                             
1     00006a40  _ECap3Regs                                             
1     00006ac0  _HRCap1Regs                                            
1     00006ae0  _HRCap2Regs                                            
1     00006b00  _EQep1Regs                                             
1     00006b40  _EQep2Regs                                             
1     00006c80  _HRCap3Regs                                            
1     00006ca0  _HRCap4Regs                                            
1     00006f80  _GpioCtrlRegs                                          
1     00006fc0  _GpioDataRegs                                          
1     00006fe0  _GpioIntRegs                                           
1     00007010  _SysCtrlRegs                                           
1     00007040  _SpiaRegs                                              
1     00007050  _SciaRegs                                              
1     00007060  _NmiIntruptRegs                                        
1     00007070  _XIntruptRegs                                          
1     00007100  _AdcRegs                                               
1     00007740  _SpibRegs                                              
1     00007750  _ScibRegs                                              
1     00007900  _I2caRegs                                              
1     0000e000  .bss                                                   
1     0000e000  .data                                                  
1     0000e000  _MW_adcInitFlag                                        
1     0000e000  ___bss__                                               
1     0000e000  ___data__                                              
1     0000e000  ___edata__                                             
1     0000e000  ___end__                                               
1     0000e000  edata                                                  
1     0000e000  end                                                    
1     0000e040  _mcb_pmsm_foc_qep_dyno_f28_DWork                       
1     0000e1c0  _mcb_pmsm_foc_qep_dyno_f28069m_B                       
1     0000e6e2  _CpuTimer0                                             
1     0000e6ea  _CpuTimer1                                             
1     0000e6f2  _CpuTimer2                                             
1     0000e6fa  ___TI_enable_exit_profile_output                       
1     0000e6fc  ___TI_cleanup_ptr                                      
1     0000e6fe  ___TI_dtors_ptr                                        
1     0000e700  _mySpi                                                 
1     0000e718  _rtInf                                                 
1     0000e71a  _rtMinusInf                                            
1     0000e71c  _rtNaN                                                 
1     0000e71e  _rtInfF                                                
1     0000e720  _rtMinusInfF                                           
1     0000e722  _rtNaNF                                                
1     0000e724  _checkSCITransmitInProgressA                           
1     0000e725  _frameA1Transmitted                                    
1     0000e726  _frameA1Count                                          
1     0000e728  _SPI_oneTimeInit                                       
1     0000e72c  _isRateRunning                                         
1     0000e72f  _need2runFlags                                         
1     0000e732  _IsrOverrun                                            
1     0000e733  _stopRequested                                         
1     0000e734  _runModel                                              
1     0000e735  _GPIO_oneTimeInit                                      
1     0000e736  __lock                                                 
1     0000e738  __unlock                                               
1     0000e73a  _MW_InterruptDisableLock                               
1     003d7e80  _PartIdRegs                                            
1     003f7ff8  _CsmPwl                                                
abs   00000400  __STACK_SIZE                                           
abs   ffffffff  ___TI_pprof_out_hndl                                   
abs   ffffffff  ___TI_prof_data_size                                   
abs   ffffffff  ___TI_prof_data_start                                  
abs   ffffffff  ___binit__                                             
abs   ffffffff  ___c_args__                                            
abs   ffffffff  ___pinit__                                             
abs   ffffffff  binit                                                  
abs   ffffffff  pinit                                                  

[368 symbols]
